c:\nxp\mcuxpressoide_11.5.1_7266\ide\plugins\com.nxp.mcuxpresso.tools.win32_11.5.1.202201181444\tools\arm-none-eabi\include\c++\10.3.1\arm-none-eabi\thumb\v7-m\nofp\bits\gthr-default.h:229:1:int __gthread_key_delete(__gthread_key_t)	16	static
../src/MenuItem.h:24:2:MenuItem::MenuItem()	16	static
../src/FrontPage.cpp:9:1:FrontPage::FrontPage(LiquidCrystal*, int, int, int, int, int)	24	static
../src/FrontPage.cpp:20:1:FrontPage::~FrontPage()	16	static
../src/FrontPage.cpp:20:1:virtual FrontPage::~FrontPage()	16	static
../src/FrontPage.cpp:23:6:virtual bool FrontPage::event(MenuItem::menuEvent)	24	static
../src/FrontPage.cpp:48:6:void FrontPage::increment()	16	static
../src/FrontPage.cpp:51:6:void FrontPage::decrement()	16	static
../src/FrontPage.cpp:55:6:void FrontPage::accept()	16	static
../src/FrontPage.cpp:59:6:void FrontPage::cancel()	16	static
../src/FrontPage.cpp:64:6:void FrontPage::setFocus(bool)	16	static
../src/FrontPage.cpp:68:6:bool FrontPage::getFocus()	16	static
../src/FrontPage.cpp:72:6:void FrontPage::display()	64	static
../src/FrontPage.cpp:90:6:void FrontPage::save()	16	static
../src/FrontPage.cpp:95:6:void FrontPage::set_co2(int)	16	static
../src/FrontPage.cpp:102:6:void FrontPage::set_co2_target(int)	16	static
../src/FrontPage.cpp:110:6:void FrontPage::set_humidity(int)	16	static
../src/FrontPage.cpp:117:6:void FrontPage::set_temperature(int)	16	static
../src/FrontPage.cpp:125:6:void FrontPage::set_valve(int)	16	static
