c:\nxp\mcuxpressoide_11.5.1_7266\ide\plugins\com.nxp.mcuxpresso.tools.win32_11.5.1.202201181444\tools\arm-none-eabi\include\c++\10.3.1\arm-none-eabi\thumb\v7-m\nofp\bits\gthr-default.h:229:1:int __gthread_key_delete(__gthread_key_t)	16	static
../src/MenuItem.h:24:2:MenuItem::MenuItem()	16	static
../src/IntegerItem.cpp:11:1:IntegerItem::IntegerItem(LiquidCrystal*, std::string, void (*)(int), int, int, int)	24	static
../src/IntegerItem.cpp:19:1:IntegerItem::~IntegerItem()	16	static
../src/IntegerItem.cpp:19:1:virtual IntegerItem::~IntegerItem()	16	static
../src/IntegerItem.cpp:22:6:virtual bool IntegerItem::event(MenuItem::menuEvent)	24	static
../src/IntegerItem.cpp:59:6:void IntegerItem::increment()	16	static
../src/IntegerItem.cpp:67:6:void IntegerItem::decrement()	16	static
../src/IntegerItem.cpp:74:6:void IntegerItem::accept()	16	static
../src/IntegerItem.cpp:78:6:void IntegerItem::cancel()	16	static
../src/IntegerItem.cpp:83:6:void IntegerItem::setFocus(bool)	16	static
../src/IntegerItem.cpp:87:6:bool IntegerItem::getFocus()	16	static
../src/IntegerItem.cpp:91:6:void IntegerItem::display()	40	static
../src/IntegerItem.cpp:113:6:void IntegerItem::save()	16	static
../src/IntegerItem.cpp:123:5:int IntegerItem::getValue()	16	static
../src/IntegerItem.cpp:126:6:void IntegerItem::setValue(int)	16	static
