D:\ArmProcessorsAndEmbeddedOS\Project\freertos_project-main\lpc_chip_15xx\inc/sysctl_15xx.h:185:20:void Chip_SYSCTL_PeriphReset(CHIP_SYSCTL_PERIPH_RESET_T)	16	static
D:\ArmProcessorsAndEmbeddedOS\Project\freertos_project-main\lpc_chip_15xx\inc/crc_15xx.h:120:20:void Chip_CRC_UseCRC16()	4	static
../src/memory.cpp:18:6:void memory_initialize()	8	static
../src/memory.cpp:26:10:uint32_t eeprom_read(uint32_t, uint8_t*, uint32_t)	64	static
../src/memory.cpp:44:10:uint32_t eeprom_write(uint32_t, uint8_t*, uint32_t)	64	static
../src/memory.cpp:62:6:bool load_and_validate_string(uint32_t, char*)	96	static
../src/memory.cpp:95:6:bool save_string(uint32_t, const char*)	96	static
