../src/MenuItem.h:24:2:MenuItem::MenuItem()	16	static
c:\nxp\mcuxpressoide_11.5.1_7266\ide\plugins\com.nxp.mcuxpresso.tools.win32_11.5.1.202201181444\tools\arm-none-eabi\include\c++\10.3.1\arm-none-eabi\thumb\v7-m\nofp\bits\gthr-default.h:229:1:int __gthread_key_delete(__gthread_key_t)	16	static
../src/TextItem.cpp:21:1:TextItem::TextItem(LiquidCrystal*, std::string, void (*)(std::string&))	24	static
../src/TextItem.cpp:35:1:TextItem::~TextItem()	16	static
../src/TextItem.cpp:35:1:virtual TextItem::~TextItem()	16	static
../src/TextItem.cpp:39:6:virtual bool TextItem::event(MenuItem::menuEvent)	24	static
../src/TextItem.cpp:76:6:void TextItem::increment()	24	static
../src/TextItem.cpp:107:6:void TextItem::decrement()	16	static
../src/TextItem.cpp:144:6:void TextItem::accept()	152	static
../src/TextItem.cpp:173:6:void TextItem::cancel()	16	static
../src/TextItem.cpp:178:6:void TextItem::setFocus(bool)	16	static
../src/TextItem.cpp:187:6:bool TextItem::getFocus()	16	static
../src/TextItem.cpp:191:6:void TextItem::display()	64	static
../src/TextItem.cpp:238:6:void TextItem::save()	16	static
../src/TextItem.cpp:250:6:void TextItem::setValue(std::string)	16	static
../src/TextItem.cpp:256:13:std::string TextItem::getValue()	16	static
c:\nxp\mcuxpressoide_11.5.1_7266\ide\plugins\com.nxp.mcuxpresso.tools.win32_11.5.1.202201181444\tools\arm-none-eabi\include\c++\10.3.1\bits\basic_string.h:6161:5:std::__cxx11::basic_string<_CharT, _Traits, _Alloc> std::operator+(std::__cxx11::basic_string<_CharT, _Traits, _Alloc>&&, _CharT) [with _CharT = char; _Traits = std::char_traits<char>; _Alloc = std::allocator<char>]	24	static
c:\nxp\mcuxpressoide_11.5.1_7266\ide\plugins\com.nxp.mcuxpresso.tools.win32_11.5.1.202201181444\tools\arm-none-eabi\include\c++\10.3.1\bits\move.h:101:5:constexpr typename std::remove_reference<_Tp>::type&& std::move(_Tp&&) [with _Tp = std::__cxx11::basic_string<char>&]	16	static
../src/TextItem.cpp:258:1:void __static_initialization_and_destruction_0(int, int)	16	static
../src/TextItem.cpp:258:1:cpp)	8	static
