../src/portable/GCC/ARM_CM3/port.c:174:14:pxPortInitialiseStack	24	static
../src/portable/GCC/ARM_CM3/port.c:192:13:prvTaskExitError	16	static
../src/portable/GCC/ARM_CM3/port.c:217:6:SVC_Handler	0	static
../src/portable/GCC/ARM_CM3/port.c:237:13:prvPortStartFirstTask	0	static
../src/portable/GCC/ARM_CM3/port.c:257:12:xPortStartScheduler	8	static
../src/portable/GCC/ARM_CM3/port.c:353:6:vPortEndScheduler	4	static
../src/portable/GCC/ARM_CM3/port.c:361:6:vPortEnterCritical	16	static
../src/portable/GCC/ARM_CM3/port.c:378:6:vPortExitCritical	16	static
../src/portable/GCC/ARM_CM3/port.c:389:6:PendSV_Handler	0	static
../src/portable/GCC/ARM_CM3/port.c:426:6:SysTick_Handler	16	static
../src/portable/GCC/ARM_CM3/port.c:617:30:vPortSetupTimerInterrupt	4	static
