15:58:23 **** Build of configuration Debug for project lpc_board_nxp_lpcxpresso_1549 ****
make -r -j4 all 
Building file: ../src/board.c
Building file: ../src/board_sysinit.c
Invoking: MCU C Compiler
Invoking: MCU C Compiler
arm-none-eabi-gcc -DDEBUG -D__CODE_RED -D__USE_LPCOPEN -DCORE_M3 -D__NEWLIB__ -I"D:\ArmProcessorsAndEmbeddedOS\Project\freertos_project-main\lpc_chip_15xx\inc" -I"D:\ArmProcessorsAndEmbeddedOS\Project\freertos_project-main\lpc_board_nxp_lpcxpresso_1549\inc" -O0 -g3 -Wall -c -fmessage-length=0 -fno-builtin -ffunction-sections -fdata-sections -fmerge-constants -fmacro-prefix-map="../src/"= -mcpu=cortex-m3 -mthumb -D__NEWLIB__ -fstack-usage -MMD -MP -MF"src/board.d" -MT"src/board.o" -MT"src/board.d" -o "src/board.o" "../src/board.c"
arm-none-eabi-gcc -DDEBUG -D__CODE_RED -D__USE_LPCOPEN -DCORE_M3 -D__NEWLIB__ -I"D:\ArmProcessorsAndEmbeddedOS\Project\freertos_project-main\lpc_chip_15xx\inc" -I"D:\ArmProcessorsAndEmbeddedOS\Project\freertos_project-main\lpc_board_nxp_lpcxpresso_1549\inc" -O0 -g3 -Wall -c -fmessage-length=0 -fno-builtin -ffunction-sections -fdata-sections -fmerge-constants -fmacro-prefix-map="../src/"= -mcpu=cortex-m3 -mthumb -D__NEWLIB__ -fstack-usage -MMD -MP -MF"src/board_sysinit.d" -MT"src/board_sysinit.o" -MT"src/board_sysinit.d" -o "src/board_sysinit.o" "../src/board_sysinit.c"
Finished building: ../src/board_sysinit.c
Finished building: ../src/board.c
 
 
Building target: liblpc_board_nxp_lpcxpresso_1549.a
Invoking: MCU Archiver
arm-none-eabi-ar -r  "liblpc_board_nxp_lpcxpresso_1549.a"  ./src/board.o ./src/board_sysinit.o   
arm-none-eabi-ar: creating liblpc_board_nxp_lpcxpresso_1549.a
Finished building target: liblpc_board_nxp_lpcxpresso_1549.a
 
Performing post-build steps
arm-none-eabi-size "liblpc_board_nxp_lpcxpresso_1549.a" ; # arm-none-eabi-objdump -h -S "liblpc_board_nxp_lpcxpresso_1549.a" >"liblpc_board_nxp_lpcxpresso_1549.lss"
   text	   data	    bss	    dec	    hex	filename
   1363	      0	      0	   1363	    553	board.o (ex liblpc_board_nxp_lpcxpresso_1549.a)
    574	      0	      0	    574	    23e	board_sysinit.o (ex liblpc_board_nxp_lpcxpresso_1549.a)
 
15:58:26 **** Build of configuration Debug for project lpc_chip_15xx ****
make -r -j4 all 
Building file: ../src/acmp_15xx.c
Building file: ../src/adc_15xx.c
Building file: ../src/clock_15xx.c
Building file: ../src/chip_15xx.c
Invoking: MCU C Compiler
Invoking: MCU C Compiler
Invoking: MCU C Compiler
Invoking: MCU C Compiler
arm-none-eabi-gcc -DDEBUG -D__CODE_RED -D__USE_LPCOPEN -DCORE_M3 -D__NEWLIB__ -I"D:\ArmProcessorsAndEmbeddedOS\Project\freertos_project-main\lpc_chip_15xx\inc" -O0 -g3 -Wall -c -fmessage-length=0 -fno-builtin -ffunction-sections -fdata-sections -fmerge-constants -fmacro-prefix-map="../src/"= -mcpu=cortex-m3 -mthumb -D__NEWLIB__ -fstack-usage -MMD -MP -MF"src/acmp_15xx.d" -MT"src/acmp_15xx.o" -MT"src/acmp_15xx.d" -o "src/acmp_15xx.o" "../src/acmp_15xx.c"
arm-none-eabi-gcc -DDEBUG -D__CODE_RED -D__USE_LPCOPEN -DCORE_M3 -D__NEWLIB__ -I"D:\ArmProcessorsAndEmbeddedOS\Project\freertos_project-main\lpc_chip_15xx\inc" -O0 -g3 -Wall -c -fmessage-length=0 -fno-builtin -ffunction-sections -fdata-sections -fmerge-constants -fmacro-prefix-map="../src/"= -mcpu=cortex-m3 -mthumb -D__NEWLIB__ -fstack-usage -MMD -MP -MF"src/adc_15xx.d" -MT"src/adc_15xx.o" -MT"src/adc_15xx.d" -o "src/adc_15xx.o" "../src/adc_15xx.c"
arm-none-eabi-gcc -DDEBUG -D__CODE_RED -D__USE_LPCOPEN -DCORE_M3 -D__NEWLIB__ -I"D:\ArmProcessorsAndEmbeddedOS\Project\freertos_project-main\lpc_chip_15xx\inc" -O0 -g3 -Wall -c -fmessage-length=0 -fno-builtin -ffunction-sections -fdata-sections -fmerge-constants -fmacro-prefix-map="../src/"= -mcpu=cortex-m3 -mthumb -D__NEWLIB__ -fstack-usage -MMD -MP -MF"src/chip_15xx.d" -MT"src/chip_15xx.o" -MT"src/chip_15xx.d" -o "src/chip_15xx.o" "../src/chip_15xx.c"
arm-none-eabi-gcc -DDEBUG -D__CODE_RED -D__USE_LPCOPEN -DCORE_M3 -D__NEWLIB__ -I"D:\ArmProcessorsAndEmbeddedOS\Project\freertos_project-main\lpc_chip_15xx\inc" -O0 -g3 -Wall -c -fmessage-length=0 -fno-builtin -ffunction-sections -fdata-sections -fmerge-constants -fmacro-prefix-map="../src/"= -mcpu=cortex-m3 -mthumb -D__NEWLIB__ -fstack-usage -MMD -MP -MF"src/clock_15xx.d" -MT"src/clock_15xx.o" -MT"src/clock_15xx.d" -o "src/clock_15xx.o" "../src/clock_15xx.c"
Finished building: ../src/acmp_15xx.c
Finished building: ../src/chip_15xx.c
Finished building: ../src/clock_15xx.c
 
 
 
Building file: ../src/crc_15xx.c
Building file: ../src/dac_15xx.c
Finished building: ../src/adc_15xx.c
Building file: ../src/dma_15xx.c
Invoking: MCU C Compiler
 
Invoking: MCU C Compiler
arm-none-eabi-gcc -DDEBUG -D__CODE_RED -D__USE_LPCOPEN -DCORE_M3 -D__NEWLIB__ -I"D:\ArmProcessorsAndEmbeddedOS\Project\freertos_project-main\lpc_chip_15xx\inc" -O0 -g3 -Wall -c -fmessage-length=0 -fno-builtin -ffunction-sections -fdata-sections -fmerge-constants -fmacro-prefix-map="../src/"= -mcpu=cortex-m3 -mthumb -D__NEWLIB__ -fstack-usage -MMD -MP -MF"src/dac_15xx.d" -MT"src/dac_15xx.o" -MT"src/dac_15xx.d" -o "src/dac_15xx.o" "../src/dac_15xx.c"
Invoking: MCU C Compiler
Building file: ../src/eeprom.c
arm-none-eabi-gcc -DDEBUG -D__CODE_RED -D__USE_LPCOPEN -DCORE_M3 -D__NEWLIB__ -I"D:\ArmProcessorsAndEmbeddedOS\Project\freertos_project-main\lpc_chip_15xx\inc" -O0 -g3 -Wall -c -fmessage-length=0 -fno-builtin -ffunction-sections -fdata-sections -fmerge-constants -fmacro-prefix-map="../src/"= -mcpu=cortex-m3 -mthumb -D__NEWLIB__ -fstack-usage -MMD -MP -MF"src/crc_15xx.d" -MT"src/crc_15xx.o" -MT"src/crc_15xx.d" -o "src/crc_15xx.o" "../src/crc_15xx.c"
arm-none-eabi-gcc -DDEBUG -D__CODE_RED -D__USE_LPCOPEN -DCORE_M3 -D__NEWLIB__ -I"D:\ArmProcessorsAndEmbeddedOS\Project\freertos_project-main\lpc_chip_15xx\inc" -O0 -g3 -Wall -c -fmessage-length=0 -fno-builtin -ffunction-sections -fdata-sections -fmerge-constants -fmacro-prefix-map="../src/"= -mcpu=cortex-m3 -mthumb -D__NEWLIB__ -fstack-usage -MMD -MP -MF"src/dma_15xx.d" -MT"src/dma_15xx.o" -MT"src/dma_15xx.d" -o "src/dma_15xx.o" "../src/dma_15xx.c"
Invoking: MCU C Compiler
arm-none-eabi-gcc -DDEBUG -D__CODE_RED -D__USE_LPCOPEN -DCORE_M3 -D__NEWLIB__ -I"D:\ArmProcessorsAndEmbeddedOS\Project\freertos_project-main\lpc_chip_15xx\inc" -O0 -g3 -Wall -c -fmessage-length=0 -fno-builtin -ffunction-sections -fdata-sections -fmerge-constants -fmacro-prefix-map="../src/"= -mcpu=cortex-m3 -mthumb -D__NEWLIB__ -fstack-usage -MMD -MP -MF"src/eeprom.d" -MT"src/eeprom.o" -MT"src/eeprom.d" -o "src/eeprom.o" "../src/eeprom.c"
Finished building: ../src/dac_15xx.c
Finished building: ../src/crc_15xx.c
Finished building: ../src/dma_15xx.c
 
 
 
Building file: ../src/gpio_15xx.c
Building file: ../src/i2c_common_15xx.c
Building file: ../src/i2cm_15xx.c
Invoking: MCU C Compiler
arm-none-eabi-gcc -DDEBUG -D__CODE_RED -D__USE_LPCOPEN -DCORE_M3 -D__NEWLIB__ -I"D:\ArmProcessorsAndEmbeddedOS\Project\freertos_project-main\lpc_chip_15xx\inc" -O0 -g3 -Wall -c -fmessage-length=0 -fno-builtin -ffunction-sections -fdata-sections -fmerge-constants -fmacro-prefix-map="../src/"= -mcpu=cortex-m3 -mthumb -D__NEWLIB__ -fstack-usage -MMD -MP -MF"src/gpio_15xx.d" -MT"src/gpio_15xx.o" -MT"src/gpio_15xx.d" -o "src/gpio_15xx.o" "../src/gpio_15xx.c"
Invoking: MCU C Compiler
Invoking: MCU C Compiler
arm-none-eabi-gcc -DDEBUG -D__CODE_RED -D__USE_LPCOPEN -DCORE_M3 -D__NEWLIB__ -I"D:\ArmProcessorsAndEmbeddedOS\Project\freertos_project-main\lpc_chip_15xx\inc" -O0 -g3 -Wall -c -fmessage-length=0 -fno-builtin -ffunction-sections -fdata-sections -fmerge-constants -fmacro-prefix-map="../src/"= -mcpu=cortex-m3 -mthumb -D__NEWLIB__ -fstack-usage -MMD -MP -MF"src/i2c_common_15xx.d" -MT"src/i2c_common_15xx.o" -MT"src/i2c_common_15xx.d" -o "src/i2c_common_15xx.o" "../src/i2c_common_15xx.c"
arm-none-eabi-gcc -DDEBUG -D__CODE_RED -D__USE_LPCOPEN -DCORE_M3 -D__NEWLIB__ -I"D:\ArmProcessorsAndEmbeddedOS\Project\freertos_project-main\lpc_chip_15xx\inc" -O0 -g3 -Wall -c -fmessage-length=0 -fno-builtin -ffunction-sections -fdata-sections -fmerge-constants -fmacro-prefix-map="../src/"= -mcpu=cortex-m3 -mthumb -D__NEWLIB__ -fstack-usage -MMD -MP -MF"src/i2cm_15xx.d" -MT"src/i2cm_15xx.o" -MT"src/i2cm_15xx.d" -o "src/i2cm_15xx.o" "../src/i2cm_15xx.c"
Finished building: ../src/eeprom.c
Finished building: ../src/gpio_15xx.c
Finished building: ../src/i2c_common_15xx.c
 
 
 
Building file: ../src/i2cs_15xx.c
Building file: ../src/iap.c
Building file: ../src/iocon_15xx.c
Invoking: MCU C Compiler
arm-none-eabi-gcc -DDEBUG -D__CODE_RED -D__USE_LPCOPEN -DCORE_M3 -D__NEWLIB__ -I"D:\ArmProcessorsAndEmbeddedOS\Project\freertos_project-main\lpc_chip_15xx\inc" -O0 -g3 -Wall -c -fmessage-length=0 -fno-builtin -ffunction-sections -fdata-sections -fmerge-constants -fmacro-prefix-map="../src/"= -mcpu=cortex-m3 -mthumb -D__NEWLIB__ -fstack-usage -MMD -MP -MF"src/i2cs_15xx.d" -MT"src/i2cs_15xx.o" -MT"src/i2cs_15xx.d" -o "src/i2cs_15xx.o" "../src/i2cs_15xx.c"
Invoking: MCU C Compiler
Invoking: MCU C Compiler
arm-none-eabi-gcc -DDEBUG -D__CODE_RED -D__USE_LPCOPEN -DCORE_M3 -D__NEWLIB__ -I"D:\ArmProcessorsAndEmbeddedOS\Project\freertos_project-main\lpc_chip_15xx\inc" -O0 -g3 -Wall -c -fmessage-length=0 -fno-builtin -ffunction-sections -fdata-sections -fmerge-constants -fmacro-prefix-map="../src/"= -mcpu=cortex-m3 -mthumb -D__NEWLIB__ -fstack-usage -MMD -MP -MF"src/iap.d" -MT"src/iap.o" -MT"src/iap.d" -o "src/iap.o" "../src/iap.c"
arm-none-eabi-gcc -DDEBUG -D__CODE_RED -D__USE_LPCOPEN -DCORE_M3 -D__NEWLIB__ -I"D:\ArmProcessorsAndEmbeddedOS\Project\freertos_project-main\lpc_chip_15xx\inc" -O0 -g3 -Wall -c -fmessage-length=0 -fno-builtin -ffunction-sections -fdata-sections -fmerge-constants -fmacro-prefix-map="../src/"= -mcpu=cortex-m3 -mthumb -D__NEWLIB__ -fstack-usage -MMD -MP -MF"src/iocon_15xx.d" -MT"src/iocon_15xx.o" -MT"src/iocon_15xx.d" -o "src/iocon_15xx.o" "../src/iocon_15xx.c"
Finished building: ../src/i2cm_15xx.c
Finished building: ../src/i2cs_15xx.c
 
 
Building file: ../src/pinint_15xx.c
Finished building: ../src/iap.c
Building file: ../src/pmu_15xx.c
Invoking: MCU C Compiler
 
Invoking: MCU C Compiler
Finished building: ../src/iocon_15xx.c
arm-none-eabi-gcc -DDEBUG -D__CODE_RED -D__USE_LPCOPEN -DCORE_M3 -D__NEWLIB__ -I"D:\ArmProcessorsAndEmbeddedOS\Project\freertos_project-main\lpc_chip_15xx\inc" -O0 -g3 -Wall -c -fmessage-length=0 -fno-builtin -ffunction-sections -fdata-sections -fmerge-constants -fmacro-prefix-map="../src/"= -mcpu=cortex-m3 -mthumb -D__NEWLIB__ -fstack-usage -MMD -MP -MF"src/pinint_15xx.d" -MT"src/pinint_15xx.o" -MT"src/pinint_15xx.d" -o "src/pinint_15xx.o" "../src/pinint_15xx.c"
Building file: ../src/ring_buffer.c
arm-none-eabi-gcc -DDEBUG -D__CODE_RED -D__USE_LPCOPEN -DCORE_M3 -D__NEWLIB__ -I"D:\ArmProcessorsAndEmbeddedOS\Project\freertos_project-main\lpc_chip_15xx\inc" -O0 -g3 -Wall -c -fmessage-length=0 -fno-builtin -ffunction-sections -fdata-sections -fmerge-constants -fmacro-prefix-map="../src/"= -mcpu=cortex-m3 -mthumb -D__NEWLIB__ -fstack-usage -MMD -MP -MF"src/pmu_15xx.d" -MT"src/pmu_15xx.o" -MT"src/pmu_15xx.d" -o "src/pmu_15xx.o" "../src/pmu_15xx.c"
 
Invoking: MCU C Compiler
Building file: ../src/ritimer_15xx.c
arm-none-eabi-gcc -DDEBUG -D__CODE_RED -D__USE_LPCOPEN -DCORE_M3 -D__NEWLIB__ -I"D:\ArmProcessorsAndEmbeddedOS\Project\freertos_project-main\lpc_chip_15xx\inc" -O0 -g3 -Wall -c -fmessage-length=0 -fno-builtin -ffunction-sections -fdata-sections -fmerge-constants -fmacro-prefix-map="../src/"= -mcpu=cortex-m3 -mthumb -D__NEWLIB__ -fstack-usage -MMD -MP -MF"src/ring_buffer.d" -MT"src/ring_buffer.o" -MT"src/ring_buffer.d" -o "src/ring_buffer.o" "../src/ring_buffer.c"
Invoking: MCU C Compiler
arm-none-eabi-gcc -DDEBUG -D__CODE_RED -D__USE_LPCOPEN -DCORE_M3 -D__NEWLIB__ -I"D:\ArmProcessorsAndEmbeddedOS\Project\freertos_project-main\lpc_chip_15xx\inc" -O0 -g3 -Wall -c -fmessage-length=0 -fno-builtin -ffunction-sections -fdata-sections -fmerge-constants -fmacro-prefix-map="../src/"= -mcpu=cortex-m3 -mthumb -D__NEWLIB__ -fstack-usage -MMD -MP -MF"src/ritimer_15xx.d" -MT"src/ritimer_15xx.o" -MT"src/ritimer_15xx.d" -o "src/ritimer_15xx.o" "../src/ritimer_15xx.c"
Finished building: ../src/pinint_15xx.c
Finished building: ../src/pmu_15xx.c
Finished building: ../src/ring_buffer.c
 
 
Finished building: ../src/ritimer_15xx.c
 
Building file: ../src/rtc_15xx.c
Building file: ../src/sct_15xx.c
 
Building file: ../src/sct_pwm_15xx.c
Invoking: MCU C Compiler
Invoking: MCU C Compiler
Building file: ../src/sctipu_15xx.c
arm-none-eabi-gcc -DDEBUG -D__CODE_RED -D__USE_LPCOPEN -DCORE_M3 -D__NEWLIB__ -I"D:\ArmProcessorsAndEmbeddedOS\Project\freertos_project-main\lpc_chip_15xx\inc" -O0 -g3 -Wall -c -fmessage-length=0 -fno-builtin -ffunction-sections -fdata-sections -fmerge-constants -fmacro-prefix-map="../src/"= -mcpu=cortex-m3 -mthumb -D__NEWLIB__ -fstack-usage -MMD -MP -MF"src/rtc_15xx.d" -MT"src/rtc_15xx.o" -MT"src/rtc_15xx.d" -o "src/rtc_15xx.o" "../src/rtc_15xx.c"
Invoking: MCU C Compiler
arm-none-eabi-gcc -DDEBUG -D__CODE_RED -D__USE_LPCOPEN -DCORE_M3 -D__NEWLIB__ -I"D:\ArmProcessorsAndEmbeddedOS\Project\freertos_project-main\lpc_chip_15xx\inc" -O0 -g3 -Wall -c -fmessage-length=0 -fno-builtin -ffunction-sections -fdata-sections -fmerge-constants -fmacro-prefix-map="../src/"= -mcpu=cortex-m3 -mthumb -D__NEWLIB__ -fstack-usage -MMD -MP -MF"src/sct_15xx.d" -MT"src/sct_15xx.o" -MT"src/sct_15xx.d" -o "src/sct_15xx.o" "../src/sct_15xx.c"
arm-none-eabi-gcc -DDEBUG -D__CODE_RED -D__USE_LPCOPEN -DCORE_M3 -D__NEWLIB__ -I"D:\ArmProcessorsAndEmbeddedOS\Project\freertos_project-main\lpc_chip_15xx\inc" -O0 -g3 -Wall -c -fmessage-length=0 -fno-builtin -ffunction-sections -fdata-sections -fmerge-constants -fmacro-prefix-map="../src/"= -mcpu=cortex-m3 -mthumb -D__NEWLIB__ -fstack-usage -MMD -MP -MF"src/sct_pwm_15xx.d" -MT"src/sct_pwm_15xx.o" -MT"src/sct_pwm_15xx.d" -o "src/sct_pwm_15xx.o" "../src/sct_pwm_15xx.c"
Invoking: MCU C Compiler
arm-none-eabi-gcc -DDEBUG -D__CODE_RED -D__USE_LPCOPEN -DCORE_M3 -D__NEWLIB__ -I"D:\ArmProcessorsAndEmbeddedOS\Project\freertos_project-main\lpc_chip_15xx\inc" -O0 -g3 -Wall -c -fmessage-length=0 -fno-builtin -ffunction-sections -fdata-sections -fmerge-constants -fmacro-prefix-map="../src/"= -mcpu=cortex-m3 -mthumb -D__NEWLIB__ -fstack-usage -MMD -MP -MF"src/sctipu_15xx.d" -MT"src/sctipu_15xx.o" -MT"src/sctipu_15xx.d" -o "src/sctipu_15xx.o" "../src/sctipu_15xx.c"
Finished building: ../src/sct_15xx.c
Finished building: ../src/rtc_15xx.c
 
 
Building file: ../src/spi_15xx.c
Building file: ../src/stopwatch_15xx.c
Finished building: ../src/sctipu_15xx.c
Invoking: MCU C Compiler
arm-none-eabi-gcc -DDEBUG -D__CODE_RED -D__USE_LPCOPEN -DCORE_M3 -D__NEWLIB__ -I"D:\ArmProcessorsAndEmbeddedOS\Project\freertos_project-main\lpc_chip_15xx\inc" -O0 -g3 -Wall -c -fmessage-length=0 -fno-builtin -ffunction-sections -fdata-sections -fmerge-constants -fmacro-prefix-map="../src/"= -mcpu=cortex-m3 -mthumb -D__NEWLIB__ -fstack-usage -MMD -MP -MF"src/spi_15xx.d" -MT"src/spi_15xx.o" -MT"src/spi_15xx.d" -o "src/spi_15xx.o" "../src/spi_15xx.c"
Invoking: MCU C Compiler
 
Finished building: ../src/sct_pwm_15xx.c
arm-none-eabi-gcc -DDEBUG -D__CODE_RED -D__USE_LPCOPEN -DCORE_M3 -D__NEWLIB__ -I"D:\ArmProcessorsAndEmbeddedOS\Project\freertos_project-main\lpc_chip_15xx\inc" -O0 -g3 -Wall -c -fmessage-length=0 -fno-builtin -ffunction-sections -fdata-sections -fmerge-constants -fmacro-prefix-map="../src/"= -mcpu=cortex-m3 -mthumb -D__NEWLIB__ -fstack-usage -MMD -MP -MF"src/stopwatch_15xx.d" -MT"src/stopwatch_15xx.o" -MT"src/stopwatch_15xx.d" -o "src/stopwatch_15xx.o" "../src/stopwatch_15xx.c"
 
Building file: ../src/swm_15xx.c
Building file: ../src/sysctl_15xx.c
Invoking: MCU C Compiler
arm-none-eabi-gcc -DDEBUG -D__CODE_RED -D__USE_LPCOPEN -DCORE_M3 -D__NEWLIB__ -I"D:\ArmProcessorsAndEmbeddedOS\Project\freertos_project-main\lpc_chip_15xx\inc" -O0 -g3 -Wall -c -fmessage-length=0 -fno-builtin -ffunction-sections -fdata-sections -fmerge-constants -fmacro-prefix-map="../src/"= -mcpu=cortex-m3 -mthumb -D__NEWLIB__ -fstack-usage -MMD -MP -MF"src/swm_15xx.d" -MT"src/swm_15xx.o" -MT"src/swm_15xx.d" -o "src/swm_15xx.o" "../src/swm_15xx.c"
Invoking: MCU C Compiler
arm-none-eabi-gcc -DDEBUG -D__CODE_RED -D__USE_LPCOPEN -DCORE_M3 -D__NEWLIB__ -I"D:\ArmProcessorsAndEmbeddedOS\Project\freertos_project-main\lpc_chip_15xx\inc" -O0 -g3 -Wall -c -fmessage-length=0 -fno-builtin -ffunction-sections -fdata-sections -fmerge-constants -fmacro-prefix-map="../src/"= -mcpu=cortex-m3 -mthumb -D__NEWLIB__ -fstack-usage -MMD -MP -MF"src/sysctl_15xx.d" -MT"src/sysctl_15xx.o" -MT"src/sysctl_15xx.d" -o "src/sysctl_15xx.o" "../src/sysctl_15xx.c"
Finished building: ../src/spi_15xx.c
Finished building: ../src/stopwatch_15xx.c
 
 
Building file: ../src/sysinit_15xx.c
Building file: ../src/uart_15xx.c
Invoking: MCU C Compiler
Finished building: ../src/sysctl_15xx.c
Invoking: MCU C Compiler
arm-none-eabi-gcc -DDEBUG -D__CODE_RED -D__USE_LPCOPEN -DCORE_M3 -D__NEWLIB__ -I"D:\ArmProcessorsAndEmbeddedOS\Project\freertos_project-main\lpc_chip_15xx\inc" -O0 -g3 -Wall -c -fmessage-length=0 -fno-builtin -ffunction-sections -fdata-sections -fmerge-constants -fmacro-prefix-map="../src/"= -mcpu=cortex-m3 -mthumb -D__NEWLIB__ -fstack-usage -MMD -MP -MF"src/sysinit_15xx.d" -MT"src/sysinit_15xx.o" -MT"src/sysinit_15xx.d" -o "src/sysinit_15xx.o" "../src/sysinit_15xx.c"
arm-none-eabi-gcc -DDEBUG -D__CODE_RED -D__USE_LPCOPEN -DCORE_M3 -D__NEWLIB__ -I"D:\ArmProcessorsAndEmbeddedOS\Project\freertos_project-main\lpc_chip_15xx\inc" -O0 -g3 -Wall -c -fmessage-length=0 -fno-builtin -ffunction-sections -fdata-sections -fmerge-constants -fmacro-prefix-map="../src/"= -mcpu=cortex-m3 -mthumb -D__NEWLIB__ -fstack-usage -MMD -MP -MF"src/uart_15xx.d" -MT"src/uart_15xx.o" -MT"src/uart_15xx.d" -o "src/uart_15xx.o" "../src/uart_15xx.c"
 
Finished building: ../src/swm_15xx.c
 
Building file: ../src/wwdt_15xx.c
Invoking: MCU C Compiler
arm-none-eabi-gcc -DDEBUG -D__CODE_RED -D__USE_LPCOPEN -DCORE_M3 -D__NEWLIB__ -I"D:\ArmProcessorsAndEmbeddedOS\Project\freertos_project-main\lpc_chip_15xx\inc" -O0 -g3 -Wall -c -fmessage-length=0 -fno-builtin -ffunction-sections -fdata-sections -fmerge-constants -fmacro-prefix-map="../src/"= -mcpu=cortex-m3 -mthumb -D__NEWLIB__ -fstack-usage -MMD -MP -MF"src/wwdt_15xx.d" -MT"src/wwdt_15xx.o" -MT"src/wwdt_15xx.d" -o "src/wwdt_15xx.o" "../src/wwdt_15xx.c"
Finished building: ../src/sysinit_15xx.c
 
Finished building: ../src/uart_15xx.c
 
Finished building: ../src/wwdt_15xx.c
 
Building target: liblpc_chip_15xx.a
Invoking: MCU Archiver
arm-none-eabi-ar -r  "liblpc_chip_15xx.a"  ./src/acmp_15xx.o ./src/adc_15xx.o ./src/chip_15xx.o ./src/clock_15xx.o ./src/crc_15xx.o ./src/dac_15xx.o ./src/dma_15xx.o ./src/eeprom.o ./src/gpio_15xx.o ./src/i2c_common_15xx.o ./src/i2cm_15xx.o ./src/i2cs_15xx.o ./src/iap.o ./src/iocon_15xx.o ./src/pinint_15xx.o ./src/pmu_15xx.o ./src/ring_buffer.o ./src/ritimer_15xx.o ./src/rtc_15xx.o ./src/sct_15xx.o ./src/sct_pwm_15xx.o ./src/sctipu_15xx.o ./src/spi_15xx.o ./src/stopwatch_15xx.o ./src/swm_15xx.o ./src/sysctl_15xx.o ./src/sysinit_15xx.o ./src/uart_15xx.o ./src/wwdt_15xx.o   
arm-none-eabi-ar: creating liblpc_chip_15xx.a
Finished building target: liblpc_chip_15xx.a
 
Performing post-build steps
arm-none-eabi-size "liblpc_chip_15xx.a" ; # arm-none-eabi-objdump -h -S "liblpc_chip_15xx.a" >"liblpc_chip_15xx.lss"
   text	   data	    bss	    dec	    hex	filename
    610	      0	      0	    610	    262	acmp_15xx.o (ex liblpc_chip_15xx.a)
    790	      0	      0	    790	    316	adc_15xx.o (ex liblpc_chip_15xx.a)
    298	      0	      4	    302	    12e	chip_15xx.o (ex liblpc_chip_15xx.a)
   1700	      0	      0	   1700	    6a4	clock_15xx.o (ex liblpc_chip_15xx.a)
    494	      0	      0	    494	    1ee	crc_15xx.o (ex liblpc_chip_15xx.a)
     60	      0	      0	     60	     3c	dac_15xx.o (ex liblpc_chip_15xx.a)
    294	      0	    288	    582	    246	dma_15xx.o (ex liblpc_chip_15xx.a)
    192	      0	      0	    192	     c0	eeprom.o (ex liblpc_chip_15xx.a)
    684	      0	      0	    684	    2ac	gpio_15xx.o (ex liblpc_chip_15xx.a)
     84	      0	      0	     84	     54	i2c_common_15xx.o (ex liblpc_chip_15xx.a)
    860	      0	      0	    860	    35c	i2cm_15xx.o (ex liblpc_chip_15xx.a)
    450	      0	      0	    450	    1c2	i2cs_15xx.o (ex liblpc_chip_15xx.a)
    598	      0	      0	    598	    256	iap.o (ex liblpc_chip_15xx.a)
    124	      0	      0	    124	     7c	iocon_15xx.o (ex liblpc_chip_15xx.a)
      0	      0	      0	      0	      0	pinint_15xx.o (ex liblpc_chip_15xx.a)
    300	      0	      0	    300	    12c	pmu_15xx.o (ex liblpc_chip_15xx.a)
    962	      0	      0	    962	    3c2	ring_buffer.o (ex liblpc_chip_15xx.a)
    692	      0	      0	    692	    2b4	ritimer_15xx.o (ex liblpc_chip_15xx.a)
      0	      0	      0	      0	      0	rtc_15xx.o (ex liblpc_chip_15xx.a)
    318	      0	      0	    318	    13e	sct_15xx.o (ex liblpc_chip_15xx.a)
    412	      0	      0	    412	    19c	sct_pwm_15xx.o (ex liblpc_chip_15xx.a)
    140	      0	      0	    140	     8c	sctipu_15xx.o (ex liblpc_chip_15xx.a)
   1766	      0	      0	   1766	    6e6	spi_15xx.o (ex liblpc_chip_15xx.a)
    328	      0	     12	    340	    154	stopwatch_15xx.o (ex liblpc_chip_15xx.a)
    356	      0	      0	    356	    164	swm_15xx.o (ex liblpc_chip_15xx.a)
    466	      0	      0	    466	    1d2	sysctl_15xx.o (ex liblpc_chip_15xx.a)
    414	      0	      0	    414	    19e	sysinit_15xx.o (ex liblpc_chip_15xx.a)
   1116	      0	      0	   1116	    45c	uart_15xx.o (ex liblpc_chip_15xx.a)
    114	      0	      0	    114	     72	wwdt_15xx.o (ex liblpc_chip_15xx.a)
 
15:58:34 **** Build of configuration Debug for project FreeRTOS ****
make -r -j4 all 
Building file: ../src/portable/MemMang/heap_3.c
Building file: ../src/portable/GCC/ARM_CM3/port.c
Building file: ../src/FreeRTOSCommonHooks.c
Building file: ../src/croutine.c
Invoking: MCU C Compiler
Invoking: MCU C Compiler
arm-none-eabi-gcc -DDEBUG -D__CODE_RED -DCORE_M3 -D__USE_LPCOPEN -D__LPC15XX__ -D__NEWLIB__ -I"D:\ArmProcessorsAndEmbeddedOS\Project\freertos_project-main\FreeRTOS\inc" -I"D:\ArmProcessorsAndEmbeddedOS\Project\freertos_project-main\lpc_board_nxp_lpcxpresso_1549\inc" -I"D:\ArmProcessorsAndEmbeddedOS\Project\freertos_project-main\lpc_chip_15xx\inc" -I"D:\ArmProcessorsAndEmbeddedOS\Project\freertos_project-main\FreeRTOS\src\include" -I"D:\ArmProcessorsAndEmbeddedOS\Project\freertos_project-main\FreeRTOS\src\portable\GCC\ARM_CM3" -O0 -fno-common -g3 -Wall -c -fmessage-length=0 -fno-builtin -ffunction-sections -fdata-sections -fmerge-constants -fmacro-prefix-map="../src/portable/GCC/ARM_CM3/"= -mcpu=cortex-m3 -mthumb -D__NEWLIB__ -fstack-usage -MMD -MP -MF"src/portable/GCC/ARM_CM3/port.d" -MT"src/portable/GCC/ARM_CM3/port.o" -MT"src/portable/GCC/ARM_CM3/port.d" -o "src/portable/GCC/ARM_CM3/port.o" "../src/portable/GCC/ARM_CM3/port.c"
arm-none-eabi-gcc -DDEBUG -D__CODE_RED -DCORE_M3 -D__USE_LPCOPEN -D__LPC15XX__ -D__NEWLIB__ -I"D:\ArmProcessorsAndEmbeddedOS\Project\freertos_project-main\FreeRTOS\inc" -I"D:\ArmProcessorsAndEmbeddedOS\Project\freertos_project-main\lpc_board_nxp_lpcxpresso_1549\inc" -I"D:\ArmProcessorsAndEmbeddedOS\Project\freertos_project-main\lpc_chip_15xx\inc" -I"D:\ArmProcessorsAndEmbeddedOS\Project\freertos_project-main\FreeRTOS\src\include" -I"D:\ArmProcessorsAndEmbeddedOS\Project\freertos_project-main\FreeRTOS\src\portable\GCC\ARM_CM3" -O0 -fno-common -g3 -Wall -c -fmessage-length=0 -fno-builtin -ffunction-sections -fdata-sections -fmerge-constants -fmacro-prefix-map="../src/portable/MemMang/"= -mcpu=cortex-m3 -mthumb -D__NEWLIB__ -fstack-usage -MMD -MP -MF"src/portable/MemMang/heap_3.d" -MT"src/portable/MemMang/heap_3.o" -MT"src/portable/MemMang/heap_3.d" -o "src/portable/MemMang/heap_3.o" "../src/portable/MemMang/heap_3.c"
Invoking: MCU C Compiler
Invoking: MCU C Compiler
arm-none-eabi-gcc -DDEBUG -D__CODE_RED -DCORE_M3 -D__USE_LPCOPEN -D__LPC15XX__ -D__NEWLIB__ -I"D:\ArmProcessorsAndEmbeddedOS\Project\freertos_project-main\FreeRTOS\inc" -I"D:\ArmProcessorsAndEmbeddedOS\Project\freertos_project-main\lpc_board_nxp_lpcxpresso_1549\inc" -I"D:\ArmProcessorsAndEmbeddedOS\Project\freertos_project-main\lpc_chip_15xx\inc" -I"D:\ArmProcessorsAndEmbeddedOS\Project\freertos_project-main\FreeRTOS\src\include" -I"D:\ArmProcessorsAndEmbeddedOS\Project\freertos_project-main\FreeRTOS\src\portable\GCC\ARM_CM3" -O0 -fno-common -g3 -Wall -c -fmessage-length=0 -fno-builtin -ffunction-sections -fdata-sections -fmerge-constants -fmacro-prefix-map="../src/"= -mcpu=cortex-m3 -mthumb -D__NEWLIB__ -fstack-usage -MMD -MP -MF"src/FreeRTOSCommonHooks.d" -MT"src/FreeRTOSCommonHooks.o" -MT"src/FreeRTOSCommonHooks.d" -o "src/FreeRTOSCommonHooks.o" "../src/FreeRTOSCommonHooks.c"
arm-none-eabi-gcc -DDEBUG -D__CODE_RED -DCORE_M3 -D__USE_LPCOPEN -D__LPC15XX__ -D__NEWLIB__ -I"D:\ArmProcessorsAndEmbeddedOS\Project\freertos_project-main\FreeRTOS\inc" -I"D:\ArmProcessorsAndEmbeddedOS\Project\freertos_project-main\lpc_board_nxp_lpcxpresso_1549\inc" -I"D:\ArmProcessorsAndEmbeddedOS\Project\freertos_project-main\lpc_chip_15xx\inc" -I"D:\ArmProcessorsAndEmbeddedOS\Project\freertos_project-main\FreeRTOS\src\include" -I"D:\ArmProcessorsAndEmbeddedOS\Project\freertos_project-main\FreeRTOS\src\portable\GCC\ARM_CM3" -O0 -fno-common -g3 -Wall -c -fmessage-length=0 -fno-builtin -ffunction-sections -fdata-sections -fmerge-constants -fmacro-prefix-map="../src/"= -mcpu=cortex-m3 -mthumb -D__NEWLIB__ -fstack-usage -MMD -MP -MF"src/croutine.d" -MT"src/croutine.o" -MT"src/croutine.d" -o "src/croutine.o" "../src/croutine.c"
Finished building: ../src/portable/MemMang/heap_3.c
Finished building: ../src/portable/GCC/ARM_CM3/port.c
 
 
Finished building: ../src/FreeRTOSCommonHooks.c
Finished building: ../src/croutine.c
 
Building file: ../src/list.c
Building file: ../src/event_groups.c
 
Building file: ../src/queue.c
Invoking: MCU C Compiler
Invoking: MCU C Compiler
arm-none-eabi-gcc -DDEBUG -D__CODE_RED -DCORE_M3 -D__USE_LPCOPEN -D__LPC15XX__ -D__NEWLIB__ -I"D:\ArmProcessorsAndEmbeddedOS\Project\freertos_project-main\FreeRTOS\inc" -I"D:\ArmProcessorsAndEmbeddedOS\Project\freertos_project-main\lpc_board_nxp_lpcxpresso_1549\inc" -I"D:\ArmProcessorsAndEmbeddedOS\Project\freertos_project-main\lpc_chip_15xx\inc" -I"D:\ArmProcessorsAndEmbeddedOS\Project\freertos_project-main\FreeRTOS\src\include" -I"D:\ArmProcessorsAndEmbeddedOS\Project\freertos_project-main\FreeRTOS\src\portable\GCC\ARM_CM3" -O0 -fno-common -g3 -Wall -c -fmessage-length=0 -fno-builtin -ffunction-sections -fdata-sections -fmerge-constants -fmacro-prefix-map="../src/"= -mcpu=cortex-m3 -mthumb -D__NEWLIB__ -fstack-usage -MMD -MP -MF"src/list.d" -MT"src/list.o" -MT"src/list.d" -o "src/list.o" "../src/list.c"
arm-none-eabi-gcc -DDEBUG -D__CODE_RED -DCORE_M3 -D__USE_LPCOPEN -D__LPC15XX__ -D__NEWLIB__ -I"D:\ArmProcessorsAndEmbeddedOS\Project\freertos_project-main\FreeRTOS\inc" -I"D:\ArmProcessorsAndEmbeddedOS\Project\freertos_project-main\lpc_board_nxp_lpcxpresso_1549\inc" -I"D:\ArmProcessorsAndEmbeddedOS\Project\freertos_project-main\lpc_chip_15xx\inc" -I"D:\ArmProcessorsAndEmbeddedOS\Project\freertos_project-main\FreeRTOS\src\include" -I"D:\ArmProcessorsAndEmbeddedOS\Project\freertos_project-main\FreeRTOS\src\portable\GCC\ARM_CM3" -O0 -fno-common -g3 -Wall -c -fmessage-length=0 -fno-builtin -ffunction-sections -fdata-sections -fmerge-constants -fmacro-prefix-map="../src/"= -mcpu=cortex-m3 -mthumb -D__NEWLIB__ -fstack-usage -MMD -MP -MF"src/event_groups.d" -MT"src/event_groups.o" -MT"src/event_groups.d" -o "src/event_groups.o" "../src/event_groups.c"
Building file: ../src/stream_buffer.c
Invoking: MCU C Compiler
arm-none-eabi-gcc -DDEBUG -D__CODE_RED -DCORE_M3 -D__USE_LPCOPEN -D__LPC15XX__ -D__NEWLIB__ -I"D:\ArmProcessorsAndEmbeddedOS\Project\freertos_project-main\FreeRTOS\inc" -I"D:\ArmProcessorsAndEmbeddedOS\Project\freertos_project-main\lpc_board_nxp_lpcxpresso_1549\inc" -I"D:\ArmProcessorsAndEmbeddedOS\Project\freertos_project-main\lpc_chip_15xx\inc" -I"D:\ArmProcessorsAndEmbeddedOS\Project\freertos_project-main\FreeRTOS\src\include" -I"D:\ArmProcessorsAndEmbeddedOS\Project\freertos_project-main\FreeRTOS\src\portable\GCC\ARM_CM3" -O0 -fno-common -g3 -Wall -c -fmessage-length=0 -fno-builtin -ffunction-sections -fdata-sections -fmerge-constants -fmacro-prefix-map="../src/"= -mcpu=cortex-m3 -mthumb -D__NEWLIB__ -fstack-usage -MMD -MP -MF"src/queue.d" -MT"src/queue.o" -MT"src/queue.d" -o "src/queue.o" "../src/queue.c"
Invoking: MCU C Compiler
arm-none-eabi-gcc -DDEBUG -D__CODE_RED -DCORE_M3 -D__USE_LPCOPEN -D__LPC15XX__ -D__NEWLIB__ -I"D:\ArmProcessorsAndEmbeddedOS\Project\freertos_project-main\FreeRTOS\inc" -I"D:\ArmProcessorsAndEmbeddedOS\Project\freertos_project-main\lpc_board_nxp_lpcxpresso_1549\inc" -I"D:\ArmProcessorsAndEmbeddedOS\Project\freertos_project-main\lpc_chip_15xx\inc" -I"D:\ArmProcessorsAndEmbeddedOS\Project\freertos_project-main\FreeRTOS\src\include" -I"D:\ArmProcessorsAndEmbeddedOS\Project\freertos_project-main\FreeRTOS\src\portable\GCC\ARM_CM3" -O0 -fno-common -g3 -Wall -c -fmessage-length=0 -fno-builtin -ffunction-sections -fdata-sections -fmerge-constants -fmacro-prefix-map="../src/"= -mcpu=cortex-m3 -mthumb -D__NEWLIB__ -fstack-usage -MMD -MP -MF"src/stream_buffer.d" -MT"src/stream_buffer.o" -MT"src/stream_buffer.d" -o "src/stream_buffer.o" "../src/stream_buffer.c"
Finished building: ../src/list.c
 
Finished building: ../src/event_groups.c
Building file: ../src/tasks.c
 
Invoking: MCU C Compiler
Building file: ../src/timers.c
arm-none-eabi-gcc -DDEBUG -D__CODE_RED -DCORE_M3 -D__USE_LPCOPEN -D__LPC15XX__ -D__NEWLIB__ -I"D:\ArmProcessorsAndEmbeddedOS\Project\freertos_project-main\FreeRTOS\inc" -I"D:\ArmProcessorsAndEmbeddedOS\Project\freertos_project-main\lpc_board_nxp_lpcxpresso_1549\inc" -I"D:\ArmProcessorsAndEmbeddedOS\Project\freertos_project-main\lpc_chip_15xx\inc" -I"D:\ArmProcessorsAndEmbeddedOS\Project\freertos_project-main\FreeRTOS\src\include" -I"D:\ArmProcessorsAndEmbeddedOS\Project\freertos_project-main\FreeRTOS\src\portable\GCC\ARM_CM3" -O0 -fno-common -g3 -Wall -c -fmessage-length=0 -fno-builtin -ffunction-sections -fdata-sections -fmerge-constants -fmacro-prefix-map="../src/"= -mcpu=cortex-m3 -mthumb -D__NEWLIB__ -fstack-usage -MMD -MP -MF"src/tasks.d" -MT"src/tasks.o" -MT"src/tasks.d" -o "src/tasks.o" "../src/tasks.c"
Invoking: MCU C Compiler
Finished building: ../src/queue.c
Finished building: ../src/stream_buffer.c
arm-none-eabi-gcc -DDEBUG -D__CODE_RED -DCORE_M3 -D__USE_LPCOPEN -D__LPC15XX__ -D__NEWLIB__ -I"D:\ArmProcessorsAndEmbeddedOS\Project\freertos_project-main\FreeRTOS\inc" -I"D:\ArmProcessorsAndEmbeddedOS\Project\freertos_project-main\lpc_board_nxp_lpcxpresso_1549\inc" -I"D:\ArmProcessorsAndEmbeddedOS\Project\freertos_project-main\lpc_chip_15xx\inc" -I"D:\ArmProcessorsAndEmbeddedOS\Project\freertos_project-main\FreeRTOS\src\include" -I"D:\ArmProcessorsAndEmbeddedOS\Project\freertos_project-main\FreeRTOS\src\portable\GCC\ARM_CM3" -O0 -fno-common -g3 -Wall -c -fmessage-length=0 -fno-builtin -ffunction-sections -fdata-sections -fmerge-constants -fmacro-prefix-map="../src/"= -mcpu=cortex-m3 -mthumb -D__NEWLIB__ -fstack-usage -MMD -MP -MF"src/timers.d" -MT"src/timers.o" -MT"src/timers.d" -o "src/timers.o" "../src/timers.c"
 
 
Finished building: ../src/timers.c
 
Finished building: ../src/tasks.c
 
Building target: libFreeRTOS.a
Invoking: MCU Archiver
arm-none-eabi-ar -r  "libFreeRTOS.a"  ./src/portable/MemMang/heap_3.o  ./src/portable/GCC/ARM_CM3/port.o  ./src/FreeRTOSCommonHooks.o ./src/croutine.o ./src/event_groups.o ./src/list.o ./src/queue.o ./src/stream_buffer.o ./src/tasks.o ./src/timers.o   
arm-none-eabi-ar: creating libFreeRTOS.a
Finished building target: libFreeRTOS.a
 
Performing post-build steps
arm-none-eabi-size "libFreeRTOS.a" ; # arm-none-eabi-objdump -h -S "libFreeRTOS.a" >"libFreeRTOS.lss"
   text	   data	    bss	    dec	    hex	filename
     82	      0	      0	     82	     52	heap_3.o (ex libFreeRTOS.a)
    598	      4	      0	    602	    25a	port.o (ex libFreeRTOS.a)
    128	      0	      0	    128	     80	FreeRTOSCommonHooks.o (ex libFreeRTOS.a)
      0	      0	      0	      0	      0	croutine.o (ex libFreeRTOS.a)
   1152	      0	      0	   1152	    480	event_groups.o (ex libFreeRTOS.a)
    350	      0	      0	    350	    15e	list.o (ex libFreeRTOS.a)
   3872	      0	     80	   3952	    f70	queue.o (ex libFreeRTOS.a)
   2224	      0	      0	   2224	    8b0	stream_buffer.o (ex libFreeRTOS.a)
   8824	      0	    328	   9152	   23c0	tasks.o (ex libFreeRTOS.a)
   1687	      0	     60	   1747	    6d3	timers.o (ex libFreeRTOS.a)
 
15:58:40 **** Build of configuration Debug for project esp_socket ****
make -r -j4 all 
Building file: ../src/uart/LpcUart.cpp
Building file: ../src/uart/retarget_uart.cpp
Building file: ../src/networking/esp8266_socket.c
Building file: ../src/networking/serial_port.cpp
Invoking: MCU C++ Compiler
arm-none-eabi-c++ -std=c++11 -DDEBUG -D__CODE_RED -D__NEWLIB__ -DCORE_M3 -D__USE_LPCOPEN -DCPP_USE_HEAP -D__LPC15XX__ -I"D:\ArmProcessorsAndEmbeddedOS\Project\freertos_project-main\lpc_board_nxp_lpcxpresso_1549\inc" -I"D:\ArmProcessorsAndEmbeddedOS\Project\freertos_project-main\esp_socket\src\mqtt_demo" -I"D:\ArmProcessorsAndEmbeddedOS\Project\freertos_project-main\lpc_chip_15xx\inc" -I"D:\ArmProcessorsAndEmbeddedOS\Project\freertos_project-main\FreeRTOS\inc" -I"D:\ArmProcessorsAndEmbeddedOS\Project\freertos_project-main\FreeRTOS\src\include" -I"D:\ArmProcessorsAndEmbeddedOS\Project\freertos_project-main\FreeRTOS\src\portable\GCC\ARM_CM3" -I"D:\ArmProcessorsAndEmbeddedOS\Project\freertos_project-main\esp_socket\src\coreMQTT\source\include" -I"D:\ArmProcessorsAndEmbeddedOS\Project\freertos_project-main\esp_socket\src\coreMQTT\source\interface" -I"D:\ArmProcessorsAndEmbeddedOS\Project\freertos_project-main\esp_socket\src\backoffAlgorithm\source\include" -I"D:\ArmProcessorsAndEmbeddedOS\Project\freertos_project-main\esp_socket\src" -I"D:\ArmProcessorsAndEmbeddedOS\Project\freertos_project-main\esp_socket\src\networking" -I"D:\ArmProcessorsAndEmbeddedOS\Project\freertos_project-main\esp_socket\src\uart" -I"D:\ArmProcessorsAndEmbeddedOS\Project\freertos_project-main\esp_socket\src\modbus" -O0 -fno-common -g3 -Wall -c -fmessage-length=0 -fno-builtin -ffunction-sections -fdata-sections -fno-rtti -fno-exceptions -fmerge-constants -fmacro-prefix-map="../src/uart/"= -mcpu=cortex-m3 -mthumb -fstack-usage -MMD -MP -MF"src/uart/LpcUart.d" -MT"src/uart/LpcUart.o" -MT"src/uart/LpcUart.d" -o "src/uart/LpcUart.o" "../src/uart/LpcUart.cpp"
Invoking: MCU C++ Compiler
Invoking: MCU C Compiler
Invoking: MCU C++ Compiler
arm-none-eabi-gcc -std=c11 -DDEBUG -D__CODE_RED -D__NEWLIB__ -DCORE_M3 -D__USE_LPCOPEN -DCPP_USE_HEAP -D__LPC15XX__ -I"D:\ArmProcessorsAndEmbeddedOS\Project\freertos_project-main\lpc_board_nxp_lpcxpresso_1549\inc" -I"D:\ArmProcessorsAndEmbeddedOS\Project\freertos_project-main\esp_socket\src\mqtt_demo" -I"D:\ArmProcessorsAndEmbeddedOS\Project\freertos_project-main\lpc_chip_15xx\inc" -I"D:\ArmProcessorsAndEmbeddedOS\Project\freertos_project-main\FreeRTOS\inc" -I"D:\ArmProcessorsAndEmbeddedOS\Project\freertos_project-main\FreeRTOS\src\include" -I"D:\ArmProcessorsAndEmbeddedOS\Project\freertos_project-main\FreeRTOS\src\portable\GCC\ARM_CM3" -I"D:\ArmProcessorsAndEmbeddedOS\Project\freertos_project-main\esp_socket\src\coreMQTT\source\include" -I"D:\ArmProcessorsAndEmbeddedOS\Project\freertos_project-main\esp_socket\src\coreMQTT\source\interface" -I"D:\ArmProcessorsAndEmbeddedOS\Project\freertos_project-main\esp_socket\src\backoffAlgorithm\source\include" -I"D:\ArmProcessorsAndEmbeddedOS\Project\freertos_project-main\esp_socket\src" -I"D:\ArmProcessorsAndEmbeddedOS\Project\freertos_project-main\esp_socket\src\networking" -I"D:\ArmProcessorsAndEmbeddedOS\Project\freertos_project-main\esp_socket\src\uart" -I"D:\ArmProcessorsAndEmbeddedOS\Project\freertos_project-main\esp_socket\src\modbus" -O0 -fno-common -g3 -Wall -c -fmessage-length=0 -fno-builtin -ffunction-sections -fdata-sections -fmerge-constants -fmacro-prefix-map="../src/networking/"= -mcpu=cortex-m3 -mthumb -fstack-usage -MMD -MP -MF"src/networking/esp8266_socket.d" -MT"src/networking/esp8266_socket.o" -MT"src/networking/esp8266_socket.d" -o "src/networking/esp8266_socket.o" "../src/networking/esp8266_socket.c"
arm-none-eabi-c++ -std=c++11 -DDEBUG -D__CODE_RED -D__NEWLIB__ -DCORE_M3 -D__USE_LPCOPEN -DCPP_USE_HEAP -D__LPC15XX__ -I"D:\ArmProcessorsAndEmbeddedOS\Project\freertos_project-main\lpc_board_nxp_lpcxpresso_1549\inc" -I"D:\ArmProcessorsAndEmbeddedOS\Project\freertos_project-main\esp_socket\src\mqtt_demo" -I"D:\ArmProcessorsAndEmbeddedOS\Project\freertos_project-main\lpc_chip_15xx\inc" -I"D:\ArmProcessorsAndEmbeddedOS\Project\freertos_project-main\FreeRTOS\inc" -I"D:\ArmProcessorsAndEmbeddedOS\Project\freertos_project-main\FreeRTOS\src\include" -I"D:\ArmProcessorsAndEmbeddedOS\Project\freertos_project-main\FreeRTOS\src\portable\GCC\ARM_CM3" -I"D:\ArmProcessorsAndEmbeddedOS\Project\freertos_project-main\esp_socket\src\coreMQTT\source\include" -I"D:\ArmProcessorsAndEmbeddedOS\Project\freertos_project-main\esp_socket\src\coreMQTT\source\interface" -I"D:\ArmProcessorsAndEmbeddedOS\Project\freertos_project-main\esp_socket\src\backoffAlgorithm\source\include" -I"D:\ArmProcessorsAndEmbeddedOS\Project\freertos_project-main\esp_socket\src" -I"D:\ArmProcessorsAndEmbeddedOS\Project\freertos_project-main\esp_socket\src\networking" -I"D:\ArmProcessorsAndEmbeddedOS\Project\freertos_project-main\esp_socket\src\uart" -I"D:\ArmProcessorsAndEmbeddedOS\Project\freertos_project-main\esp_socket\src\modbus" -O0 -fno-common -g3 -Wall -c -fmessage-length=0 -fno-builtin -ffunction-sections -fdata-sections -fno-rtti -fno-exceptions -fmerge-constants -fmacro-prefix-map="../src/uart/"= -mcpu=cortex-m3 -mthumb -fstack-usage -MMD -MP -MF"src/uart/retarget_uart.d" -MT"src/uart/retarget_uart.o" -MT"src/uart/retarget_uart.d" -o "src/uart/retarget_uart.o" "../src/uart/retarget_uart.cpp"
arm-none-eabi-c++ -std=c++11 -DDEBUG -D__CODE_RED -D__NEWLIB__ -DCORE_M3 -D__USE_LPCOPEN -DCPP_USE_HEAP -D__LPC15XX__ -I"D:\ArmProcessorsAndEmbeddedOS\Project\freertos_project-main\lpc_board_nxp_lpcxpresso_1549\inc" -I"D:\ArmProcessorsAndEmbeddedOS\Project\freertos_project-main\esp_socket\src\mqtt_demo" -I"D:\ArmProcessorsAndEmbeddedOS\Project\freertos_project-main\lpc_chip_15xx\inc" -I"D:\ArmProcessorsAndEmbeddedOS\Project\freertos_project-main\FreeRTOS\inc" -I"D:\ArmProcessorsAndEmbeddedOS\Project\freertos_project-main\FreeRTOS\src\include" -I"D:\ArmProcessorsAndEmbeddedOS\Project\freertos_project-main\FreeRTOS\src\portable\GCC\ARM_CM3" -I"D:\ArmProcessorsAndEmbeddedOS\Project\freertos_project-main\esp_socket\src\coreMQTT\source\include" -I"D:\ArmProcessorsAndEmbeddedOS\Project\freertos_project-main\esp_socket\src\coreMQTT\source\interface" -I"D:\ArmProcessorsAndEmbeddedOS\Project\freertos_project-main\esp_socket\src\backoffAlgorithm\source\include" -I"D:\ArmProcessorsAndEmbeddedOS\Project\freertos_project-main\esp_socket\src" -I"D:\ArmProcessorsAndEmbeddedOS\Project\freertos_project-main\esp_socket\src\networking" -I"D:\ArmProcessorsAndEmbeddedOS\Project\freertos_project-main\esp_socket\src\uart" -I"D:\ArmProcessorsAndEmbeddedOS\Project\freertos_project-main\esp_socket\src\modbus" -O0 -fno-common -g3 -Wall -c -fmessage-length=0 -fno-builtin -ffunction-sections -fdata-sections -fno-rtti -fno-exceptions -fmerge-constants -fmacro-prefix-map="../src/networking/"= -mcpu=cortex-m3 -mthumb -fstack-usage -MMD -MP -MF"src/networking/serial_port.d" -MT"src/networking/serial_port.o" -MT"src/networking/serial_port.d" -o "src/networking/serial_port.o" "../src/networking/serial_port.cpp"
Finished building: ../src/networking/esp8266_socket.c
 
Finished building: ../src/networking/serial_port.cpp
Building file: ../src/mqtt_demo/PlaintextMQTTExample.c
 
Invoking: MCU C Compiler
arm-none-eabi-gcc -std=c11 -DDEBUG -D__CODE_RED -D__NEWLIB__ -DCORE_M3 -D__USE_LPCOPEN -DCPP_USE_HEAP -D__LPC15XX__ -I"D:\ArmProcessorsAndEmbeddedOS\Project\freertos_project-main\lpc_board_nxp_lpcxpresso_1549\inc" -I"D:\ArmProcessorsAndEmbeddedOS\Project\freertos_project-main\esp_socket\src\mqtt_demo" -I"D:\ArmProcessorsAndEmbeddedOS\Project\freertos_project-main\lpc_chip_15xx\inc" -I"D:\ArmProcessorsAndEmbeddedOS\Project\freertos_project-main\FreeRTOS\inc" -I"D:\ArmProcessorsAndEmbeddedOS\Project\freertos_project-main\FreeRTOS\src\include" -I"D:\ArmProcessorsAndEmbeddedOS\Project\freertos_project-main\FreeRTOS\src\portable\GCC\ARM_CM3" -I"D:\ArmProcessorsAndEmbeddedOS\Project\freertos_project-main\esp_socket\src\coreMQTT\source\include" -I"D:\ArmProcessorsAndEmbeddedOS\Project\freertos_project-main\esp_socket\src\coreMQTT\source\interface" -I"D:\ArmProcessorsAndEmbeddedOS\Project\freertos_project-main\esp_socket\src\backoffAlgorithm\source\include" -I"D:\ArmProcessorsAndEmbeddedOS\Project\freertos_project-main\esp_socket\src" -I"D:\ArmProcessorsAndEmbeddedOS\Project\freertos_project-main\esp_socket\src\networking" -I"D:\ArmProcessorsAndEmbeddedOS\Project\freertos_project-main\esp_socket\src\uart" -I"D:\ArmProcessorsAndEmbeddedOS\Project\freertos_project-main\esp_socket\src\modbus" -O0 -fno-common -g3 -Wall -c -fmessage-length=0 -fno-builtin -ffunction-sections -fdata-sections -fmerge-constants -fmacro-prefix-map="../src/mqtt_demo/"= -mcpu=cortex-m3 -mthumb -fstack-usage -MMD -MP -MF"src/mqtt_demo/PlaintextMQTTExample.d" -MT"src/mqtt_demo/PlaintextMQTTExample.o" -MT"src/mqtt_demo/PlaintextMQTTExample.d" -o "src/mqtt_demo/PlaintextMQTTExample.o" "../src/mqtt_demo/PlaintextMQTTExample.c"
Finished building: ../src/uart/retarget_uart.cpp
Building file: ../src/mqtt_demo/using_plaintext.c
 
Invoking: MCU C Compiler
Building file: ../src/modbus/ModbusMaster.cpp
arm-none-eabi-gcc -std=c11 -DDEBUG -D__CODE_RED -D__NEWLIB__ -DCORE_M3 -D__USE_LPCOPEN -DCPP_USE_HEAP -D__LPC15XX__ -I"D:\ArmProcessorsAndEmbeddedOS\Project\freertos_project-main\lpc_board_nxp_lpcxpresso_1549\inc" -I"D:\ArmProcessorsAndEmbeddedOS\Project\freertos_project-main\esp_socket\src\mqtt_demo" -I"D:\ArmProcessorsAndEmbeddedOS\Project\freertos_project-main\lpc_chip_15xx\inc" -I"D:\ArmProcessorsAndEmbeddedOS\Project\freertos_project-main\FreeRTOS\inc" -I"D:\ArmProcessorsAndEmbeddedOS\Project\freertos_project-main\FreeRTOS\src\include" -I"D:\ArmProcessorsAndEmbeddedOS\Project\freertos_project-main\FreeRTOS\src\portable\GCC\ARM_CM3" -I"D:\ArmProcessorsAndEmbeddedOS\Project\freertos_project-main\esp_socket\src\coreMQTT\source\include" -I"D:\ArmProcessorsAndEmbeddedOS\Project\freertos_project-main\esp_socket\src\coreMQTT\source\interface" -I"D:\ArmProcessorsAndEmbeddedOS\Project\freertos_project-main\esp_socket\src\backoffAlgorithm\source\include" -I"D:\ArmProcessorsAndEmbeddedOS\Project\freertos_project-main\esp_socket\src" -I"D:\ArmProcessorsAndEmbeddedOS\Project\freertos_project-main\esp_socket\src\networking" -I"D:\ArmProcessorsAndEmbeddedOS\Project\freertos_project-main\esp_socket\src\uart" -I"D:\ArmProcessorsAndEmbeddedOS\Project\freertos_project-main\esp_socket\src\modbus" -O0 -fno-common -g3 -Wall -c -fmessage-length=0 -fno-builtin -ffunction-sections -fdata-sections -fmerge-constants -fmacro-prefix-map="../src/mqtt_demo/"= -mcpu=cortex-m3 -mthumb -fstack-usage -MMD -MP -MF"src/mqtt_demo/using_plaintext.d" -MT"src/mqtt_demo/using_plaintext.o" -MT"src/mqtt_demo/using_plaintext.d" -o "src/mqtt_demo/using_plaintext.o" "../src/mqtt_demo/using_plaintext.c"
Invoking: MCU C++ Compiler
arm-none-eabi-c++ -std=c++11 -DDEBUG -D__CODE_RED -D__NEWLIB__ -DCORE_M3 -D__USE_LPCOPEN -DCPP_USE_HEAP -D__LPC15XX__ -I"D:\ArmProcessorsAndEmbeddedOS\Project\freertos_project-main\lpc_board_nxp_lpcxpresso_1549\inc" -I"D:\ArmProcessorsAndEmbeddedOS\Project\freertos_project-main\esp_socket\src\mqtt_demo" -I"D:\ArmProcessorsAndEmbeddedOS\Project\freertos_project-main\lpc_chip_15xx\inc" -I"D:\ArmProcessorsAndEmbeddedOS\Project\freertos_project-main\FreeRTOS\inc" -I"D:\ArmProcessorsAndEmbeddedOS\Project\freertos_project-main\FreeRTOS\src\include" -I"D:\ArmProcessorsAndEmbeddedOS\Project\freertos_project-main\FreeRTOS\src\portable\GCC\ARM_CM3" -I"D:\ArmProcessorsAndEmbeddedOS\Project\freertos_project-main\esp_socket\src\coreMQTT\source\include" -I"D:\ArmProcessorsAndEmbeddedOS\Project\freertos_project-main\esp_socket\src\coreMQTT\source\interface" -I"D:\ArmProcessorsAndEmbeddedOS\Project\freertos_project-main\esp_socket\src\backoffAlgorithm\source\include" -I"D:\ArmProcessorsAndEmbeddedOS\Project\freertos_project-main\esp_socket\src" -I"D:\ArmProcessorsAndEmbeddedOS\Project\freertos_project-main\esp_socket\src\networking" -I"D:\ArmProcessorsAndEmbeddedOS\Project\freertos_project-main\esp_socket\src\uart" -I"D:\ArmProcessorsAndEmbeddedOS\Project\freertos_project-main\esp_socket\src\modbus" -O0 -fno-common -g3 -Wall -c -fmessage-length=0 -fno-builtin -ffunction-sections -fdata-sections -fno-rtti -fno-exceptions -fmerge-constants -fmacro-prefix-map="../src/modbus/"= -mcpu=cortex-m3 -mthumb -fstack-usage -MMD -MP -MF"src/modbus/ModbusMaster.d" -MT"src/modbus/ModbusMaster.o" -MT"src/modbus/ModbusMaster.d" -o "src/modbus/ModbusMaster.o" "../src/modbus/ModbusMaster.cpp"
../src/mqtt_demo/PlaintextMQTTExample.c: In function 'prvMQTTDemoTask':
../src/mqtt_demo/PlaintextMQTTExample.c:415:10: warning: unused variable 'buffer' [-Wunused-variable]
  415 |     char buffer[50];
      |          ^~~~~~
../src/mqtt_demo/PlaintextMQTTExample.c:414:23: warning: unused variable 'status' [-Wunused-variable]
  414 |     greenhouse_status status;
      |                       ^~~~~~
../src/mqtt_demo/PlaintextMQTTExample.c:403:18: warning: variable 'xMQTTStatus' set but not used [-Wunused-but-set-variable]
  403 |     MQTTStatus_t xMQTTStatus;
      |                  ^~~~~~~~~~~
../src/mqtt_demo/PlaintextMQTTExample.c: In function 'prvConnectToServerWithBackoffRetries':
../src/mqtt_demo/PlaintextMQTTExample.c:557:85: warning: implicit declaration of function 'uxRand' [-Wimplicit-function-declaration]
  557 |             xBackoffAlgStatus = BackoffAlgorithm_GetNextBackoff( &xReconnectParams, uxRand(), &usNextRetryBackOff );
      |                                                                                     ^~~~~~
../src/mqtt_demo/PlaintextMQTTExample.c: In function 'prvUpdateSubAckStatus':
../src/mqtt_demo/PlaintextMQTTExample.c:650:18: warning: variable 'xResult' set but not used [-Wunused-but-set-variable]
  650 |     MQTTStatus_t xResult = MQTTSuccess;
      |                  ^~~~~~~
../src/mqtt_demo/PlaintextMQTTExample.c: In function 'prvMQTTSubscribeWithBackoffRetries':
../src/mqtt_demo/PlaintextMQTTExample.c:670:18: warning: variable 'xResult' set but not used [-Wunused-but-set-variable]
  670 |     MQTTStatus_t xResult = MQTTSuccess;
      |                  ^~~~~~~
../src/mqtt_demo/PlaintextMQTTExample.c: In function 'prvMQTTPublishToTopic':
../src/mqtt_demo/PlaintextMQTTExample.c:768:18: warning: variable 'xResult' set but not used [-Wunused-but-set-variable]
  768 |     MQTTStatus_t xResult;
      |                  ^~~~~~~
../src/mqtt_demo/PlaintextMQTTExample.c: In function 'prvMQTTUnsubscribeFromTopic':
../src/mqtt_demo/PlaintextMQTTExample.c:816:18: warning: variable 'xResult' set but not used [-Wunused-but-set-variable]
  816 |     MQTTStatus_t xResult;
      |                  ^~~~~~~
At top level:
../src/mqtt_demo/PlaintextMQTTExample.c:814:13: warning: 'prvMQTTUnsubscribeFromTopic' defined but not used [-Wunused-function]
  814 | static void prvMQTTUnsubscribeFromTopic( MQTTContext_t * pxMQTTContext )
      |             ^~~~~~~~~~~~~~~~~~~~~~~~~~~
../src/mqtt_demo/PlaintextMQTTExample.c:668:13: warning: 'prvMQTTSubscribeWithBackoffRetries' defined but not used [-Wunused-function]
  668 | static void prvMQTTSubscribeWithBackoffRetries( MQTTContext_t * pxMQTTContext )
      |             ^~~~~~~~~~~~~~~~~~~~~~~~~~~~~~~~~~
Finished building: ../src/mqtt_demo/PlaintextMQTTExample.c
 
Building file: ../src/modbus/ModbusRegister.cpp
Invoking: MCU C++ Compiler
arm-none-eabi-c++ -std=c++11 -DDEBUG -D__CODE_RED -D__NEWLIB__ -DCORE_M3 -D__USE_LPCOPEN -DCPP_USE_HEAP -D__LPC15XX__ -I"D:\ArmProcessorsAndEmbeddedOS\Project\freertos_project-main\lpc_board_nxp_lpcxpresso_1549\inc" -I"D:\ArmProcessorsAndEmbeddedOS\Project\freertos_project-main\esp_socket\src\mqtt_demo" -I"D:\ArmProcessorsAndEmbeddedOS\Project\freertos_project-main\lpc_chip_15xx\inc" -I"D:\ArmProcessorsAndEmbeddedOS\Project\freertos_project-main\FreeRTOS\inc" -I"D:\ArmProcessorsAndEmbeddedOS\Project\freertos_project-main\FreeRTOS\src\include" -I"D:\ArmProcessorsAndEmbeddedOS\Project\freertos_project-main\FreeRTOS\src\portable\GCC\ARM_CM3" -I"D:\ArmProcessorsAndEmbeddedOS\Project\freertos_project-main\esp_socket\src\coreMQTT\source\include" -I"D:\ArmProcessorsAndEmbeddedOS\Project\freertos_project-main\esp_socket\src\coreMQTT\source\interface" -I"D:\ArmProcessorsAndEmbeddedOS\Project\freertos_project-main\esp_socket\src\backoffAlgorithm\source\include" -I"D:\ArmProcessorsAndEmbeddedOS\Project\freertos_project-main\esp_socket\src" -I"D:\ArmProcessorsAndEmbeddedOS\Project\freertos_project-main\esp_socket\src\networking" -I"D:\ArmProcessorsAndEmbeddedOS\Project\freertos_project-main\esp_socket\src\uart" -I"D:\ArmProcessorsAndEmbeddedOS\Project\freertos_project-main\esp_socket\src\modbus" -O0 -fno-common -g3 -Wall -c -fmessage-length=0 -fno-builtin -ffunction-sections -fdata-sections -fno-rtti -fno-exceptions -fmerge-constants -fmacro-prefix-map="../src/modbus/"= -mcpu=cortex-m3 -mthumb -fstack-usage -MMD -MP -MF"src/modbus/ModbusRegister.d" -MT"src/modbus/ModbusRegister.o" -MT"src/modbus/ModbusRegister.d" -o "src/modbus/ModbusRegister.o" "../src/modbus/ModbusRegister.cpp"
Finished building: ../src/uart/LpcUart.cpp
Finished building: ../src/mqtt_demo/using_plaintext.c
 
 
Building file: ../src/coreMQTT/source/core_mqtt.c
Building file: ../src/modbus/SerialPort.cpp
Invoking: MCU C++ Compiler
Invoking: MCU C Compiler
arm-none-eabi-gcc -std=c11 -DDEBUG -D__CODE_RED -D__NEWLIB__ -DCORE_M3 -D__USE_LPCOPEN -DCPP_USE_HEAP -D__LPC15XX__ -I"D:\ArmProcessorsAndEmbeddedOS\Project\freertos_project-main\lpc_board_nxp_lpcxpresso_1549\inc" -I"D:\ArmProcessorsAndEmbeddedOS\Project\freertos_project-main\esp_socket\src\mqtt_demo" -I"D:\ArmProcessorsAndEmbeddedOS\Project\freertos_project-main\lpc_chip_15xx\inc" -I"D:\ArmProcessorsAndEmbeddedOS\Project\freertos_project-main\FreeRTOS\inc" -I"D:\ArmProcessorsAndEmbeddedOS\Project\freertos_project-main\FreeRTOS\src\include" -I"D:\ArmProcessorsAndEmbeddedOS\Project\freertos_project-main\FreeRTOS\src\portable\GCC\ARM_CM3" -I"D:\ArmProcessorsAndEmbeddedOS\Project\freertos_project-main\esp_socket\src\coreMQTT\source\include" -I"D:\ArmProcessorsAndEmbeddedOS\Project\freertos_project-main\esp_socket\src\coreMQTT\source\interface" -I"D:\ArmProcessorsAndEmbeddedOS\Project\freertos_project-main\esp_socket\src\backoffAlgorithm\source\include" -I"D:\ArmProcessorsAndEmbeddedOS\Project\freertos_project-main\esp_socket\src" -I"D:\ArmProcessorsAndEmbeddedOS\Project\freertos_project-main\esp_socket\src\networking" -I"D:\ArmProcessorsAndEmbeddedOS\Project\freertos_project-main\esp_socket\src\uart" -I"D:\ArmProcessorsAndEmbeddedOS\Project\freertos_project-main\esp_socket\src\modbus" -O0 -fno-common -g3 -Wall -c -fmessage-length=0 -fno-builtin -ffunction-sections -fdata-sections -fmerge-constants -fmacro-prefix-map="../src/coreMQTT/source/"= -mcpu=cortex-m3 -mthumb -fstack-usage -MMD -MP -MF"src/coreMQTT/source/core_mqtt.d" -MT"src/coreMQTT/source/core_mqtt.o" -MT"src/coreMQTT/source/core_mqtt.d" -o "src/coreMQTT/source/core_mqtt.o" "../src/coreMQTT/source/core_mqtt.c"
arm-none-eabi-c++ -std=c++11 -DDEBUG -D__CODE_RED -D__NEWLIB__ -DCORE_M3 -D__USE_LPCOPEN -DCPP_USE_HEAP -D__LPC15XX__ -I"D:\ArmProcessorsAndEmbeddedOS\Project\freertos_project-main\lpc_board_nxp_lpcxpresso_1549\inc" -I"D:\ArmProcessorsAndEmbeddedOS\Project\freertos_project-main\esp_socket\src\mqtt_demo" -I"D:\ArmProcessorsAndEmbeddedOS\Project\freertos_project-main\lpc_chip_15xx\inc" -I"D:\ArmProcessorsAndEmbeddedOS\Project\freertos_project-main\FreeRTOS\inc" -I"D:\ArmProcessorsAndEmbeddedOS\Project\freertos_project-main\FreeRTOS\src\include" -I"D:\ArmProcessorsAndEmbeddedOS\Project\freertos_project-main\FreeRTOS\src\portable\GCC\ARM_CM3" -I"D:\ArmProcessorsAndEmbeddedOS\Project\freertos_project-main\esp_socket\src\coreMQTT\source\include" -I"D:\ArmProcessorsAndEmbeddedOS\Project\freertos_project-main\esp_socket\src\coreMQTT\source\interface" -I"D:\ArmProcessorsAndEmbeddedOS\Project\freertos_project-main\esp_socket\src\backoffAlgorithm\source\include" -I"D:\ArmProcessorsAndEmbeddedOS\Project\freertos_project-main\esp_socket\src" -I"D:\ArmProcessorsAndEmbeddedOS\Project\freertos_project-main\esp_socket\src\networking" -I"D:\ArmProcessorsAndEmbeddedOS\Project\freertos_project-main\esp_socket\src\uart" -I"D:\ArmProcessorsAndEmbeddedOS\Project\freertos_project-main\esp_socket\src\modbus" -O0 -fno-common -g3 -Wall -c -fmessage-length=0 -fno-builtin -ffunction-sections -fdata-sections -fno-rtti -fno-exceptions -fmerge-constants -fmacro-prefix-map="../src/modbus/"= -mcpu=cortex-m3 -mthumb -fstack-usage -MMD -MP -MF"src/modbus/SerialPort.d" -MT"src/modbus/SerialPort.o" -MT"src/modbus/SerialPort.d" -o "src/modbus/SerialPort.o" "../src/modbus/SerialPort.cpp"
Finished building: ../src/modbus/ModbusRegister.cpp
 
Finished building: ../src/modbus/ModbusMaster.cpp
 
Building file: ../src/coreMQTT/source/core_mqtt_serializer.c
Building file: ../src/coreMQTT/source/core_mqtt_state.c
Invoking: MCU C Compiler
arm-none-eabi-gcc -std=c11 -DDEBUG -D__CODE_RED -D__NEWLIB__ -DCORE_M3 -D__USE_LPCOPEN -DCPP_USE_HEAP -D__LPC15XX__ -I"D:\ArmProcessorsAndEmbeddedOS\Project\freertos_project-main\lpc_board_nxp_lpcxpresso_1549\inc" -I"D:\ArmProcessorsAndEmbeddedOS\Project\freertos_project-main\esp_socket\src\mqtt_demo" -I"D:\ArmProcessorsAndEmbeddedOS\Project\freertos_project-main\lpc_chip_15xx\inc" -I"D:\ArmProcessorsAndEmbeddedOS\Project\freertos_project-main\FreeRTOS\inc" -I"D:\ArmProcessorsAndEmbeddedOS\Project\freertos_project-main\FreeRTOS\src\include" -I"D:\ArmProcessorsAndEmbeddedOS\Project\freertos_project-main\FreeRTOS\src\portable\GCC\ARM_CM3" -I"D:\ArmProcessorsAndEmbeddedOS\Project\freertos_project-main\esp_socket\src\coreMQTT\source\include" -I"D:\ArmProcessorsAndEmbeddedOS\Project\freertos_project-main\esp_socket\src\coreMQTT\source\interface" -I"D:\ArmProcessorsAndEmbeddedOS\Project\freertos_project-main\esp_socket\src\backoffAlgorithm\source\include" -I"D:\ArmProcessorsAndEmbeddedOS\Project\freertos_project-main\esp_socket\src" -I"D:\ArmProcessorsAndEmbeddedOS\Project\freertos_project-main\esp_socket\src\networking" -I"D:\ArmProcessorsAndEmbeddedOS\Project\freertos_project-main\esp_socket\src\uart" -I"D:\ArmProcessorsAndEmbeddedOS\Project\freertos_project-main\esp_socket\src\modbus" -O0 -fno-common -g3 -Wall -c -fmessage-length=0 -fno-builtin -ffunction-sections -fdata-sections -fmerge-constants -fmacro-prefix-map="../src/coreMQTT/source/"= -mcpu=cortex-m3 -mthumb -fstack-usage -MMD -MP -MF"src/coreMQTT/source/core_mqtt_serializer.d" -MT"src/coreMQTT/source/core_mqtt_serializer.o" -MT"src/coreMQTT/source/core_mqtt_serializer.d" -o "src/coreMQTT/source/core_mqtt_serializer.o" "../src/coreMQTT/source/core_mqtt_serializer.c"
Invoking: MCU C Compiler
arm-none-eabi-gcc -std=c11 -DDEBUG -D__CODE_RED -D__NEWLIB__ -DCORE_M3 -D__USE_LPCOPEN -DCPP_USE_HEAP -D__LPC15XX__ -I"D:\ArmProcessorsAndEmbeddedOS\Project\freertos_project-main\lpc_board_nxp_lpcxpresso_1549\inc" -I"D:\ArmProcessorsAndEmbeddedOS\Project\freertos_project-main\esp_socket\src\mqtt_demo" -I"D:\ArmProcessorsAndEmbeddedOS\Project\freertos_project-main\lpc_chip_15xx\inc" -I"D:\ArmProcessorsAndEmbeddedOS\Project\freertos_project-main\FreeRTOS\inc" -I"D:\ArmProcessorsAndEmbeddedOS\Project\freertos_project-main\FreeRTOS\src\include" -I"D:\ArmProcessorsAndEmbeddedOS\Project\freertos_project-main\FreeRTOS\src\portable\GCC\ARM_CM3" -I"D:\ArmProcessorsAndEmbeddedOS\Project\freertos_project-main\esp_socket\src\coreMQTT\source\include" -I"D:\ArmProcessorsAndEmbeddedOS\Project\freertos_project-main\esp_socket\src\coreMQTT\source\interface" -I"D:\ArmProcessorsAndEmbeddedOS\Project\freertos_project-main\esp_socket\src\backoffAlgorithm\source\include" -I"D:\ArmProcessorsAndEmbeddedOS\Project\freertos_project-main\esp_socket\src" -I"D:\ArmProcessorsAndEmbeddedOS\Project\freertos_project-main\esp_socket\src\networking" -I"D:\ArmProcessorsAndEmbeddedOS\Project\freertos_project-main\esp_socket\src\uart" -I"D:\ArmProcessorsAndEmbeddedOS\Project\freertos_project-main\esp_socket\src\modbus" -O0 -fno-common -g3 -Wall -c -fmessage-length=0 -fno-builtin -ffunction-sections -fdata-sections -fmerge-constants -fmacro-prefix-map="../src/coreMQTT/source/"= -mcpu=cortex-m3 -mthumb -fstack-usage -MMD -MP -MF"src/coreMQTT/source/core_mqtt_state.d" -MT"src/coreMQTT/source/core_mqtt_state.o" -MT"src/coreMQTT/source/core_mqtt_state.d" -o "src/coreMQTT/source/core_mqtt_state.o" "../src/coreMQTT/source/core_mqtt_state.c"
Finished building: ../src/coreMQTT/source/core_mqtt.c
 
Building file: ../src/backoffAlgorithm/source/backoff_algorithm.c
Invoking: MCU C Compiler
arm-none-eabi-gcc -std=c11 -DDEBUG -D__CODE_RED -D__NEWLIB__ -DCORE_M3 -D__USE_LPCOPEN -DCPP_USE_HEAP -D__LPC15XX__ -I"D:\ArmProcessorsAndEmbeddedOS\Project\freertos_project-main\lpc_board_nxp_lpcxpresso_1549\inc" -I"D:\ArmProcessorsAndEmbeddedOS\Project\freertos_project-main\esp_socket\src\mqtt_demo" -I"D:\ArmProcessorsAndEmbeddedOS\Project\freertos_project-main\lpc_chip_15xx\inc" -I"D:\ArmProcessorsAndEmbeddedOS\Project\freertos_project-main\FreeRTOS\inc" -I"D:\ArmProcessorsAndEmbeddedOS\Project\freertos_project-main\FreeRTOS\src\include" -I"D:\ArmProcessorsAndEmbeddedOS\Project\freertos_project-main\FreeRTOS\src\portable\GCC\ARM_CM3" -I"D:\ArmProcessorsAndEmbeddedOS\Project\freertos_project-main\esp_socket\src\coreMQTT\source\include" -I"D:\ArmProcessorsAndEmbeddedOS\Project\freertos_project-main\esp_socket\src\coreMQTT\source\interface" -I"D:\ArmProcessorsAndEmbeddedOS\Project\freertos_project-main\esp_socket\src\backoffAlgorithm\source\include" -I"D:\ArmProcessorsAndEmbeddedOS\Project\freertos_project-main\esp_socket\src" -I"D:\ArmProcessorsAndEmbeddedOS\Project\freertos_project-main\esp_socket\src\networking" -I"D:\ArmProcessorsAndEmbeddedOS\Project\freertos_project-main\esp_socket\src\uart" -I"D:\ArmProcessorsAndEmbeddedOS\Project\freertos_project-main\esp_socket\src\modbus" -O0 -fno-common -g3 -Wall -c -fmessage-length=0 -fno-builtin -ffunction-sections -fdata-sections -fmerge-constants -fmacro-prefix-map="../src/backoffAlgorithm/source/"= -mcpu=cortex-m3 -mthumb -fstack-usage -MMD -MP -MF"src/backoffAlgorithm/source/backoff_algorithm.d" -MT"src/backoffAlgorithm/source/backoff_algorithm.o" -MT"src/backoffAlgorithm/source/backoff_algorithm.d" -o "src/backoffAlgorithm/source/backoff_algorithm.o" "../src/backoffAlgorithm/source/backoff_algorithm.c"
Finished building: ../src/coreMQTT/source/core_mqtt_serializer.c
Finished building: ../src/coreMQTT/source/core_mqtt_state.c
 
 
Building file: ../src/DigitalIoPin.cpp
Building file: ../src/Fmutex.cpp
Invoking: MCU C++ Compiler
Invoking: MCU C++ Compiler
arm-none-eabi-c++ -std=c++11 -DDEBUG -D__CODE_RED -D__NEWLIB__ -DCORE_M3 -D__USE_LPCOPEN -DCPP_USE_HEAP -D__LPC15XX__ -I"D:\ArmProcessorsAndEmbeddedOS\Project\freertos_project-main\lpc_board_nxp_lpcxpresso_1549\inc" -I"D:\ArmProcessorsAndEmbeddedOS\Project\freertos_project-main\esp_socket\src\mqtt_demo" -I"D:\ArmProcessorsAndEmbeddedOS\Project\freertos_project-main\lpc_chip_15xx\inc" -I"D:\ArmProcessorsAndEmbeddedOS\Project\freertos_project-main\FreeRTOS\inc" -I"D:\ArmProcessorsAndEmbeddedOS\Project\freertos_project-main\FreeRTOS\src\include" -I"D:\ArmProcessorsAndEmbeddedOS\Project\freertos_project-main\FreeRTOS\src\portable\GCC\ARM_CM3" -I"D:\ArmProcessorsAndEmbeddedOS\Project\freertos_project-main\esp_socket\src\coreMQTT\source\include" -I"D:\ArmProcessorsAndEmbeddedOS\Project\freertos_project-main\esp_socket\src\coreMQTT\source\interface" -I"D:\ArmProcessorsAndEmbeddedOS\Project\freertos_project-main\esp_socket\src\backoffAlgorithm\source\include" -I"D:\ArmProcessorsAndEmbeddedOS\Project\freertos_project-main\esp_socket\src" -I"D:\ArmProcessorsAndEmbeddedOS\Project\freertos_project-main\esp_socket\src\networking" -I"D:\ArmProcessorsAndEmbeddedOS\Project\freertos_project-main\esp_socket\src\uart" -I"D:\ArmProcessorsAndEmbeddedOS\Project\freertos_project-main\esp_socket\src\modbus" -O0 -fno-common -g3 -Wall -c -fmessage-length=0 -fno-builtin -ffunction-sections -fdata-sections -fno-rtti -fno-exceptions -fmerge-constants -fmacro-prefix-map="../src/"= -mcpu=cortex-m3 -mthumb -fstack-usage -MMD -MP -MF"src/Fmutex.d" -MT"src/Fmutex.o" -MT"src/Fmutex.d" -o "src/Fmutex.o" "../src/Fmutex.cpp"
arm-none-eabi-c++ -std=c++11 -DDEBUG -D__CODE_RED -D__NEWLIB__ -DCORE_M3 -D__USE_LPCOPEN -DCPP_USE_HEAP -D__LPC15XX__ -I"D:\ArmProcessorsAndEmbeddedOS\Project\freertos_project-main\lpc_board_nxp_lpcxpresso_1549\inc" -I"D:\ArmProcessorsAndEmbeddedOS\Project\freertos_project-main\esp_socket\src\mqtt_demo" -I"D:\ArmProcessorsAndEmbeddedOS\Project\freertos_project-main\lpc_chip_15xx\inc" -I"D:\ArmProcessorsAndEmbeddedOS\Project\freertos_project-main\FreeRTOS\inc" -I"D:\ArmProcessorsAndEmbeddedOS\Project\freertos_project-main\FreeRTOS\src\include" -I"D:\ArmProcessorsAndEmbeddedOS\Project\freertos_project-main\FreeRTOS\src\portable\GCC\ARM_CM3" -I"D:\ArmProcessorsAndEmbeddedOS\Project\freertos_project-main\esp_socket\src\coreMQTT\source\include" -I"D:\ArmProcessorsAndEmbeddedOS\Project\freertos_project-main\esp_socket\src\coreMQTT\source\interface" -I"D:\ArmProcessorsAndEmbeddedOS\Project\freertos_project-main\esp_socket\src\backoffAlgorithm\source\include" -I"D:\ArmProcessorsAndEmbeddedOS\Project\freertos_project-main\esp_socket\src" -I"D:\ArmProcessorsAndEmbeddedOS\Project\freertos_project-main\esp_socket\src\networking" -I"D:\ArmProcessorsAndEmbeddedOS\Project\freertos_project-main\esp_socket\src\uart" -I"D:\ArmProcessorsAndEmbeddedOS\Project\freertos_project-main\esp_socket\src\modbus" -O0 -fno-common -g3 -Wall -c -fmessage-length=0 -fno-builtin -ffunction-sections -fdata-sections -fno-rtti -fno-exceptions -fmerge-constants -fmacro-prefix-map="../src/"= -mcpu=cortex-m3 -mthumb -fstack-usage -MMD -MP -MF"src/DigitalIoPin.d" -MT"src/DigitalIoPin.o" -MT"src/DigitalIoPin.d" -o "src/DigitalIoPin.o" "../src/DigitalIoPin.cpp"
Finished building: ../src/backoffAlgorithm/source/backoff_algorithm.c
 
Building file: ../src/FrontPage.cpp
Invoking: MCU C++ Compiler
arm-none-eabi-c++ -std=c++11 -DDEBUG -D__CODE_RED -D__NEWLIB__ -DCORE_M3 -D__USE_LPCOPEN -DCPP_USE_HEAP -D__LPC15XX__ -I"D:\ArmProcessorsAndEmbeddedOS\Project\freertos_project-main\lpc_board_nxp_lpcxpresso_1549\inc" -I"D:\ArmProcessorsAndEmbeddedOS\Project\freertos_project-main\esp_socket\src\mqtt_demo" -I"D:\ArmProcessorsAndEmbeddedOS\Project\freertos_project-main\lpc_chip_15xx\inc" -I"D:\ArmProcessorsAndEmbeddedOS\Project\freertos_project-main\FreeRTOS\inc" -I"D:\ArmProcessorsAndEmbeddedOS\Project\freertos_project-main\FreeRTOS\src\include" -I"D:\ArmProcessorsAndEmbeddedOS\Project\freertos_project-main\FreeRTOS\src\portable\GCC\ARM_CM3" -I"D:\ArmProcessorsAndEmbeddedOS\Project\freertos_project-main\esp_socket\src\coreMQTT\source\include" -I"D:\ArmProcessorsAndEmbeddedOS\Project\freertos_project-main\esp_socket\src\coreMQTT\source\interface" -I"D:\ArmProcessorsAndEmbeddedOS\Project\freertos_project-main\esp_socket\src\backoffAlgorithm\source\include" -I"D:\ArmProcessorsAndEmbeddedOS\Project\freertos_project-main\esp_socket\src" -I"D:\ArmProcessorsAndEmbeddedOS\Project\freertos_project-main\esp_socket\src\networking" -I"D:\ArmProcessorsAndEmbeddedOS\Project\freertos_project-main\esp_socket\src\uart" -I"D:\ArmProcessorsAndEmbeddedOS\Project\freertos_project-main\esp_socket\src\modbus" -O0 -fno-common -g3 -Wall -c -fmessage-length=0 -fno-builtin -ffunction-sections -fdata-sections -fno-rtti -fno-exceptions -fmerge-constants -fmacro-prefix-map="../src/"= -mcpu=cortex-m3 -mthumb -fstack-usage -MMD -MP -MF"src/FrontPage.d" -MT"src/FrontPage.o" -MT"src/FrontPage.d" -o "src/FrontPage.o" "../src/FrontPage.cpp"
Finished building: ../src/DigitalIoPin.cpp
 
Finished building: ../src/Fmutex.cpp
Building file: ../src/GMP252.cpp
Finished building: ../src/modbus/SerialPort.cpp
 
Invoking: MCU C++ Compiler
arm-none-eabi-c++ -std=c++11 -DDEBUG -D__CODE_RED -D__NEWLIB__ -DCORE_M3 -D__USE_LPCOPEN -DCPP_USE_HEAP -D__LPC15XX__ -I"D:\ArmProcessorsAndEmbeddedOS\Project\freertos_project-main\lpc_board_nxp_lpcxpresso_1549\inc" -I"D:\ArmProcessorsAndEmbeddedOS\Project\freertos_project-main\esp_socket\src\mqtt_demo" -I"D:\ArmProcessorsAndEmbeddedOS\Project\freertos_project-main\lpc_chip_15xx\inc" -I"D:\ArmProcessorsAndEmbeddedOS\Project\freertos_project-main\FreeRTOS\inc" -I"D:\ArmProcessorsAndEmbeddedOS\Project\freertos_project-main\FreeRTOS\src\include" -I"D:\ArmProcessorsAndEmbeddedOS\Project\freertos_project-main\FreeRTOS\src\portable\GCC\ARM_CM3" -I"D:\ArmProcessorsAndEmbeddedOS\Project\freertos_project-main\esp_socket\src\coreMQTT\source\include" -I"D:\ArmProcessorsAndEmbeddedOS\Project\freertos_project-main\esp_socket\src\coreMQTT\source\interface" -I"D:\ArmProcessorsAndEmbeddedOS\Project\freertos_project-main\esp_socket\src\backoffAlgorithm\source\include" -I"D:\ArmProcessorsAndEmbeddedOS\Project\freertos_project-main\esp_socket\src" -I"D:\ArmProcessorsAndEmbeddedOS\Project\freertos_project-main\esp_socket\src\networking" -I"D:\ArmProcessorsAndEmbeddedOS\Project\freertos_project-main\esp_socket\src\uart" -I"D:\ArmProcessorsAndEmbeddedOS\Project\freertos_project-main\esp_socket\src\modbus" -O0 -fno-common -g3 -Wall -c -fmessage-length=0 -fno-builtin -ffunction-sections -fdata-sections -fno-rtti -fno-exceptions -fmerge-constants -fmacro-prefix-map="../src/"= -mcpu=cortex-m3 -mthumb -fstack-usage -MMD -MP -MF"src/GMP252.d" -MT"src/GMP252.o" -MT"src/GMP252.d" -o "src/GMP252.o" "../src/GMP252.cpp"
Building file: ../src/HMP60.cpp
 
Invoking: MCU C++ Compiler
Building file: ../src/ITM_write.c
arm-none-eabi-c++ -std=c++11 -DDEBUG -D__CODE_RED -D__NEWLIB__ -DCORE_M3 -D__USE_LPCOPEN -DCPP_USE_HEAP -D__LPC15XX__ -I"D:\ArmProcessorsAndEmbeddedOS\Project\freertos_project-main\lpc_board_nxp_lpcxpresso_1549\inc" -I"D:\ArmProcessorsAndEmbeddedOS\Project\freertos_project-main\esp_socket\src\mqtt_demo" -I"D:\ArmProcessorsAndEmbeddedOS\Project\freertos_project-main\lpc_chip_15xx\inc" -I"D:\ArmProcessorsAndEmbeddedOS\Project\freertos_project-main\FreeRTOS\inc" -I"D:\ArmProcessorsAndEmbeddedOS\Project\freertos_project-main\FreeRTOS\src\include" -I"D:\ArmProcessorsAndEmbeddedOS\Project\freertos_project-main\FreeRTOS\src\portable\GCC\ARM_CM3" -I"D:\ArmProcessorsAndEmbeddedOS\Project\freertos_project-main\esp_socket\src\coreMQTT\source\include" -I"D:\ArmProcessorsAndEmbeddedOS\Project\freertos_project-main\esp_socket\src\coreMQTT\source\interface" -I"D:\ArmProcessorsAndEmbeddedOS\Project\freertos_project-main\esp_socket\src\backoffAlgorithm\source\include" -I"D:\ArmProcessorsAndEmbeddedOS\Project\freertos_project-main\esp_socket\src" -I"D:\ArmProcessorsAndEmbeddedOS\Project\freertos_project-main\esp_socket\src\networking" -I"D:\ArmProcessorsAndEmbeddedOS\Project\freertos_project-main\esp_socket\src\uart" -I"D:\ArmProcessorsAndEmbeddedOS\Project\freertos_project-main\esp_socket\src\modbus" -O0 -fno-common -g3 -Wall -c -fmessage-length=0 -fno-builtin -ffunction-sections -fdata-sections -fno-rtti -fno-exceptions -fmerge-constants -fmacro-prefix-map="../src/"= -mcpu=cortex-m3 -mthumb -fstack-usage -MMD -MP -MF"src/HMP60.d" -MT"src/HMP60.o" -MT"src/HMP60.d" -o "src/HMP60.o" "../src/HMP60.cpp"
Invoking: MCU C Compiler
arm-none-eabi-gcc -std=c11 -DDEBUG -D__CODE_RED -D__NEWLIB__ -DCORE_M3 -D__USE_LPCOPEN -DCPP_USE_HEAP -D__LPC15XX__ -I"D:\ArmProcessorsAndEmbeddedOS\Project\freertos_project-main\lpc_board_nxp_lpcxpresso_1549\inc" -I"D:\ArmProcessorsAndEmbeddedOS\Project\freertos_project-main\esp_socket\src\mqtt_demo" -I"D:\ArmProcessorsAndEmbeddedOS\Project\freertos_project-main\lpc_chip_15xx\inc" -I"D:\ArmProcessorsAndEmbeddedOS\Project\freertos_project-main\FreeRTOS\inc" -I"D:\ArmProcessorsAndEmbeddedOS\Project\freertos_project-main\FreeRTOS\src\include" -I"D:\ArmProcessorsAndEmbeddedOS\Project\freertos_project-main\FreeRTOS\src\portable\GCC\ARM_CM3" -I"D:\ArmProcessorsAndEmbeddedOS\Project\freertos_project-main\esp_socket\src\coreMQTT\source\include" -I"D:\ArmProcessorsAndEmbeddedOS\Project\freertos_project-main\esp_socket\src\coreMQTT\source\interface" -I"D:\ArmProcessorsAndEmbeddedOS\Project\freertos_project-main\esp_socket\src\backoffAlgorithm\source\include" -I"D:\ArmProcessorsAndEmbeddedOS\Project\freertos_project-main\esp_socket\src" -I"D:\ArmProcessorsAndEmbeddedOS\Project\freertos_project-main\esp_socket\src\networking" -I"D:\ArmProcessorsAndEmbeddedOS\Project\freertos_project-main\esp_socket\src\uart" -I"D:\ArmProcessorsAndEmbeddedOS\Project\freertos_project-main\esp_socket\src\modbus" -O0 -fno-common -g3 -Wall -c -fmessage-length=0 -fno-builtin -ffunction-sections -fdata-sections -fmerge-constants -fmacro-prefix-map="../src/"= -mcpu=cortex-m3 -mthumb -fstack-usage -MMD -MP -MF"src/ITM_write.d" -MT"src/ITM_write.o" -MT"src/ITM_write.d" -o "src/ITM_write.o" "../src/ITM_write.c"
Finished building: ../src/ITM_write.c
 
Finished building: ../src/GMP252.cpp
Building file: ../src/IntegerItem.cpp
Invoking: MCU C++ Compiler
 
arm-none-eabi-c++ -std=c++11 -DDEBUG -D__CODE_RED -D__NEWLIB__ -DCORE_M3 -D__USE_LPCOPEN -DCPP_USE_HEAP -D__LPC15XX__ -I"D:\ArmProcessorsAndEmbeddedOS\Project\freertos_project-main\lpc_board_nxp_lpcxpresso_1549\inc" -I"D:\ArmProcessorsAndEmbeddedOS\Project\freertos_project-main\esp_socket\src\mqtt_demo" -I"D:\ArmProcessorsAndEmbeddedOS\Project\freertos_project-main\lpc_chip_15xx\inc" -I"D:\ArmProcessorsAndEmbeddedOS\Project\freertos_project-main\FreeRTOS\inc" -I"D:\ArmProcessorsAndEmbeddedOS\Project\freertos_project-main\FreeRTOS\src\include" -I"D:\ArmProcessorsAndEmbeddedOS\Project\freertos_project-main\FreeRTOS\src\portable\GCC\ARM_CM3" -I"D:\ArmProcessorsAndEmbeddedOS\Project\freertos_project-main\esp_socket\src\coreMQTT\source\include" -I"D:\ArmProcessorsAndEmbeddedOS\Project\freertos_project-main\esp_socket\src\coreMQTT\source\interface" -I"D:\ArmProcessorsAndEmbeddedOS\Project\freertos_project-main\esp_socket\src\backoffAlgorithm\source\include" -I"D:\ArmProcessorsAndEmbeddedOS\Project\freertos_project-main\esp_socket\src" -I"D:\ArmProcessorsAndEmbeddedOS\Project\freertos_project-main\esp_socket\src\networking" -I"D:\ArmProcessorsAndEmbeddedOS\Project\freertos_project-main\esp_socket\src\uart" -I"D:\ArmProcessorsAndEmbeddedOS\Project\freertos_project-main\esp_socket\src\modbus" -O0 -fno-common -g3 -Wall -c -fmessage-length=0 -fno-builtin -ffunction-sections -fdata-sections -fno-rtti -fno-exceptions -fmerge-constants -fmacro-prefix-map="../src/"= -mcpu=cortex-m3 -mthumb -fstack-usage -MMD -MP -MF"src/IntegerItem.d" -MT"src/IntegerItem.o" -MT"src/IntegerItem.d" -o "src/IntegerItem.o" "../src/IntegerItem.cpp"
Building file: ../src/LiquidCrystal.cpp
Invoking: MCU C++ Compiler
arm-none-eabi-c++ -std=c++11 -DDEBUG -D__CODE_RED -D__NEWLIB__ -DCORE_M3 -D__USE_LPCOPEN -DCPP_USE_HEAP -D__LPC15XX__ -I"D:\ArmProcessorsAndEmbeddedOS\Project\freertos_project-main\lpc_board_nxp_lpcxpresso_1549\inc" -I"D:\ArmProcessorsAndEmbeddedOS\Project\freertos_project-main\esp_socket\src\mqtt_demo" -I"D:\ArmProcessorsAndEmbeddedOS\Project\freertos_project-main\lpc_chip_15xx\inc" -I"D:\ArmProcessorsAndEmbeddedOS\Project\freertos_project-main\FreeRTOS\inc" -I"D:\ArmProcessorsAndEmbeddedOS\Project\freertos_project-main\FreeRTOS\src\include" -I"D:\ArmProcessorsAndEmbeddedOS\Project\freertos_project-main\FreeRTOS\src\portable\GCC\ARM_CM3" -I"D:\ArmProcessorsAndEmbeddedOS\Project\freertos_project-main\esp_socket\src\coreMQTT\source\include" -I"D:\ArmProcessorsAndEmbeddedOS\Project\freertos_project-main\esp_socket\src\coreMQTT\source\interface" -I"D:\ArmProcessorsAndEmbeddedOS\Project\freertos_project-main\esp_socket\src\backoffAlgorithm\source\include" -I"D:\ArmProcessorsAndEmbeddedOS\Project\freertos_project-main\esp_socket\src" -I"D:\ArmProcessorsAndEmbeddedOS\Project\freertos_project-main\esp_socket\src\networking" -I"D:\ArmProcessorsAndEmbeddedOS\Project\freertos_project-main\esp_socket\src\uart" -I"D:\ArmProcessorsAndEmbeddedOS\Project\freertos_project-main\esp_socket\src\modbus" -O0 -fno-common -g3 -Wall -c -fmessage-length=0 -fno-builtin -ffunction-sections -fdata-sections -fno-rtti -fno-exceptions -fmerge-constants -fmacro-prefix-map="../src/"= -mcpu=cortex-m3 -mthumb -fstack-usage -MMD -MP -MF"src/LiquidCrystal.d" -MT"src/LiquidCrystal.o" -MT"src/LiquidCrystal.d" -o "src/LiquidCrystal.o" "../src/LiquidCrystal.cpp"
Finished building: ../src/FrontPage.cpp
Finished building: ../src/HMP60.cpp
 
 
Building file: ../src/MenuItem.cpp
Building file: ../src/SimpleMenu.cpp
Invoking: MCU C++ Compiler
arm-none-eabi-c++ -std=c++11 -DDEBUG -D__CODE_RED -D__NEWLIB__ -DCORE_M3 -D__USE_LPCOPEN -DCPP_USE_HEAP -D__LPC15XX__ -I"D:\ArmProcessorsAndEmbeddedOS\Project\freertos_project-main\lpc_board_nxp_lpcxpresso_1549\inc" -I"D:\ArmProcessorsAndEmbeddedOS\Project\freertos_project-main\esp_socket\src\mqtt_demo" -I"D:\ArmProcessorsAndEmbeddedOS\Project\freertos_project-main\lpc_chip_15xx\inc" -I"D:\ArmProcessorsAndEmbeddedOS\Project\freertos_project-main\FreeRTOS\inc" -I"D:\ArmProcessorsAndEmbeddedOS\Project\freertos_project-main\FreeRTOS\src\include" -I"D:\ArmProcessorsAndEmbeddedOS\Project\freertos_project-main\FreeRTOS\src\portable\GCC\ARM_CM3" -I"D:\ArmProcessorsAndEmbeddedOS\Project\freertos_project-main\esp_socket\src\coreMQTT\source\include" -I"D:\ArmProcessorsAndEmbeddedOS\Project\freertos_project-main\esp_socket\src\coreMQTT\source\interface" -I"D:\ArmProcessorsAndEmbeddedOS\Project\freertos_project-main\esp_socket\src\backoffAlgorithm\source\include" -I"D:\ArmProcessorsAndEmbeddedOS\Project\freertos_project-main\esp_socket\src" -I"D:\ArmProcessorsAndEmbeddedOS\Project\freertos_project-main\esp_socket\src\networking" -I"D:\ArmProcessorsAndEmbeddedOS\Project\freertos_project-main\esp_socket\src\uart" -I"D:\ArmProcessorsAndEmbeddedOS\Project\freertos_project-main\esp_socket\src\modbus" -O0 -fno-common -g3 -Wall -c -fmessage-length=0 -fno-builtin -ffunction-sections -fdata-sections -fno-rtti -fno-exceptions -fmerge-constants -fmacro-prefix-map="../src/"= -mcpu=cortex-m3 -mthumb -fstack-usage -MMD -MP -MF"src/MenuItem.d" -MT"src/MenuItem.o" -MT"src/MenuItem.d" -o "src/MenuItem.o" "../src/MenuItem.cpp"
Invoking: MCU C++ Compiler
arm-none-eabi-c++ -std=c++11 -DDEBUG -D__CODE_RED -D__NEWLIB__ -DCORE_M3 -D__USE_LPCOPEN -DCPP_USE_HEAP -D__LPC15XX__ -I"D:\ArmProcessorsAndEmbeddedOS\Project\freertos_project-main\lpc_board_nxp_lpcxpresso_1549\inc" -I"D:\ArmProcessorsAndEmbeddedOS\Project\freertos_project-main\esp_socket\src\mqtt_demo" -I"D:\ArmProcessorsAndEmbeddedOS\Project\freertos_project-main\lpc_chip_15xx\inc" -I"D:\ArmProcessorsAndEmbeddedOS\Project\freertos_project-main\FreeRTOS\inc" -I"D:\ArmProcessorsAndEmbeddedOS\Project\freertos_project-main\FreeRTOS\src\include" -I"D:\ArmProcessorsAndEmbeddedOS\Project\freertos_project-main\FreeRTOS\src\portable\GCC\ARM_CM3" -I"D:\ArmProcessorsAndEmbeddedOS\Project\freertos_project-main\esp_socket\src\coreMQTT\source\include" -I"D:\ArmProcessorsAndEmbeddedOS\Project\freertos_project-main\esp_socket\src\coreMQTT\source\interface" -I"D:\ArmProcessorsAndEmbeddedOS\Project\freertos_project-main\esp_socket\src\backoffAlgorithm\source\include" -I"D:\ArmProcessorsAndEmbeddedOS\Project\freertos_project-main\esp_socket\src" -I"D:\ArmProcessorsAndEmbeddedOS\Project\freertos_project-main\esp_socket\src\networking" -I"D:\ArmProcessorsAndEmbeddedOS\Project\freertos_project-main\esp_socket\src\uart" -I"D:\ArmProcessorsAndEmbeddedOS\Project\freertos_project-main\esp_socket\src\modbus" -O0 -fno-common -g3 -Wall -c -fmessage-length=0 -fno-builtin -ffunction-sections -fdata-sections -fno-rtti -fno-exceptions -fmerge-constants -fmacro-prefix-map="../src/"= -mcpu=cortex-m3 -mthumb -fstack-usage -MMD -MP -MF"src/SimpleMenu.d" -MT"src/SimpleMenu.o" -MT"src/SimpleMenu.d" -o "src/SimpleMenu.o" "../src/SimpleMenu.cpp"
Finished building: ../src/MenuItem.cpp
 
Building file: ../src/TextItem.cpp
Finished building: ../src/IntegerItem.cpp
Invoking: MCU C++ Compiler
arm-none-eabi-c++ -std=c++11 -DDEBUG -D__CODE_RED -D__NEWLIB__ -DCORE_M3 -D__USE_LPCOPEN -DCPP_USE_HEAP -D__LPC15XX__ -I"D:\ArmProcessorsAndEmbeddedOS\Project\freertos_project-main\lpc_board_nxp_lpcxpresso_1549\inc" -I"D:\ArmProcessorsAndEmbeddedOS\Project\freertos_project-main\esp_socket\src\mqtt_demo" -I"D:\ArmProcessorsAndEmbeddedOS\Project\freertos_project-main\lpc_chip_15xx\inc" -I"D:\ArmProcessorsAndEmbeddedOS\Project\freertos_project-main\FreeRTOS\inc" -I"D:\ArmProcessorsAndEmbeddedOS\Project\freertos_project-main\FreeRTOS\src\include" -I"D:\ArmProcessorsAndEmbeddedOS\Project\freertos_project-main\FreeRTOS\src\portable\GCC\ARM_CM3" -I"D:\ArmProcessorsAndEmbeddedOS\Project\freertos_project-main\esp_socket\src\coreMQTT\source\include" -I"D:\ArmProcessorsAndEmbeddedOS\Project\freertos_project-main\esp_socket\src\coreMQTT\source\interface" -I"D:\ArmProcessorsAndEmbeddedOS\Project\freertos_project-main\esp_socket\src\backoffAlgorithm\source\include" -I"D:\ArmProcessorsAndEmbeddedOS\Project\freertos_project-main\esp_socket\src" -I"D:\ArmProcessorsAndEmbeddedOS\Project\freertos_project-main\esp_socket\src\networking" -I"D:\ArmProcessorsAndEmbeddedOS\Project\freertos_project-main\esp_socket\src\uart" -I"D:\ArmProcessorsAndEmbeddedOS\Project\freertos_project-main\esp_socket\src\modbus" -O0 -fno-common -g3 -Wall -c -fmessage-length=0 -fno-builtin -ffunction-sections -fdata-sections -fno-rtti -fno-exceptions -fmerge-constants -fmacro-prefix-map="../src/"= -mcpu=cortex-m3 -mthumb -fstack-usage -MMD -MP -MF"src/TextItem.d" -MT"src/TextItem.o" -MT"src/TextItem.d" -o "src/TextItem.o" "../src/TextItem.cpp"
 
Building file: ../src/cr_cpp_config.cpp
Invoking: MCU C++ Compiler
arm-none-eabi-c++ -std=c++11 -DDEBUG -D__CODE_RED -D__NEWLIB__ -DCORE_M3 -D__USE_LPCOPEN -DCPP_USE_HEAP -D__LPC15XX__ -I"D:\ArmProcessorsAndEmbeddedOS\Project\freertos_project-main\lpc_board_nxp_lpcxpresso_1549\inc" -I"D:\ArmProcessorsAndEmbeddedOS\Project\freertos_project-main\esp_socket\src\mqtt_demo" -I"D:\ArmProcessorsAndEmbeddedOS\Project\freertos_project-main\lpc_chip_15xx\inc" -I"D:\ArmProcessorsAndEmbeddedOS\Project\freertos_project-main\FreeRTOS\inc" -I"D:\ArmProcessorsAndEmbeddedOS\Project\freertos_project-main\FreeRTOS\src\include" -I"D:\ArmProcessorsAndEmbeddedOS\Project\freertos_project-main\FreeRTOS\src\portable\GCC\ARM_CM3" -I"D:\ArmProcessorsAndEmbeddedOS\Project\freertos_project-main\esp_socket\src\coreMQTT\source\include" -I"D:\ArmProcessorsAndEmbeddedOS\Project\freertos_project-main\esp_socket\src\coreMQTT\source\interface" -I"D:\ArmProcessorsAndEmbeddedOS\Project\freertos_project-main\esp_socket\src\backoffAlgorithm\source\include" -I"D:\ArmProcessorsAndEmbeddedOS\Project\freertos_project-main\esp_socket\src" -I"D:\ArmProcessorsAndEmbeddedOS\Project\freertos_project-main\esp_socket\src\networking" -I"D:\ArmProcessorsAndEmbeddedOS\Project\freertos_project-main\esp_socket\src\uart" -I"D:\ArmProcessorsAndEmbeddedOS\Project\freertos_project-main\esp_socket\src\modbus" -O0 -fno-common -g3 -Wall -c -fmessage-length=0 -fno-builtin -ffunction-sections -fdata-sections -fno-rtti -fno-exceptions -fmerge-constants -fmacro-prefix-map="../src/"= -mcpu=cortex-m3 -mthumb -fstack-usage -MMD -MP -MF"src/cr_cpp_config.d" -MT"src/cr_cpp_config.o" -MT"src/cr_cpp_config.d" -o "src/cr_cpp_config.o" "../src/cr_cpp_config.cpp"
Finished building: ../src/SimpleMenu.cpp
 
Building file: ../src/cr_startup_lpc15xx.cpp
Finished building: ../src/LiquidCrystal.cpp
Invoking: MCU C++ Compiler
Finished building: ../src/cr_cpp_config.cpp
arm-none-eabi-c++ -std=c++11 -DDEBUG -D__CODE_RED -D__NEWLIB__ -DCORE_M3 -D__USE_LPCOPEN -DCPP_USE_HEAP -D__LPC15XX__ -I"D:\ArmProcessorsAndEmbeddedOS\Project\freertos_project-main\lpc_board_nxp_lpcxpresso_1549\inc" -I"D:\ArmProcessorsAndEmbeddedOS\Project\freertos_project-main\esp_socket\src\mqtt_demo" -I"D:\ArmProcessorsAndEmbeddedOS\Project\freertos_project-main\lpc_chip_15xx\inc" -I"D:\ArmProcessorsAndEmbeddedOS\Project\freertos_project-main\FreeRTOS\inc" -I"D:\ArmProcessorsAndEmbeddedOS\Project\freertos_project-main\FreeRTOS\src\include" -I"D:\ArmProcessorsAndEmbeddedOS\Project\freertos_project-main\FreeRTOS\src\portable\GCC\ARM_CM3" -I"D:\ArmProcessorsAndEmbeddedOS\Project\freertos_project-main\esp_socket\src\coreMQTT\source\include" -I"D:\ArmProcessorsAndEmbeddedOS\Project\freertos_project-main\esp_socket\src\coreMQTT\source\interface" -I"D:\ArmProcessorsAndEmbeddedOS\Project\freertos_project-main\esp_socket\src\backoffAlgorithm\source\include" -I"D:\ArmProcessorsAndEmbeddedOS\Project\freertos_project-main\esp_socket\src" -I"D:\ArmProcessorsAndEmbeddedOS\Project\freertos_project-main\esp_socket\src\networking" -I"D:\ArmProcessorsAndEmbeddedOS\Project\freertos_project-main\esp_socket\src\uart" -I"D:\ArmProcessorsAndEmbeddedOS\Project\freertos_project-main\esp_socket\src\modbus" -O0 -fno-common -g3 -Wall -c -fmessage-length=0 -fno-builtin -ffunction-sections -fdata-sections -fno-rtti -fno-exceptions -fmerge-constants -fmacro-prefix-map="../src/"= -mcpu=cortex-m3 -mthumb -fstack-usage -MMD -MP -MF"src/cr_startup_lpc15xx.d" -MT"src/cr_startup_lpc15xx.o" -MT"src/cr_startup_lpc15xx.d" -o "src/cr_startup_lpc15xx.o" "../src/cr_startup_lpc15xx.cpp"
 
 
Building file: ../src/crp.c
Building file: ../src/heap_lock_monitor.c
Invoking: MCU C Compiler
Invoking: MCU C Compiler
arm-none-eabi-gcc -std=c11 -DDEBUG -D__CODE_RED -D__NEWLIB__ -DCORE_M3 -D__USE_LPCOPEN -DCPP_USE_HEAP -D__LPC15XX__ -I"D:\ArmProcessorsAndEmbeddedOS\Project\freertos_project-main\lpc_board_nxp_lpcxpresso_1549\inc" -I"D:\ArmProcessorsAndEmbeddedOS\Project\freertos_project-main\esp_socket\src\mqtt_demo" -I"D:\ArmProcessorsAndEmbeddedOS\Project\freertos_project-main\lpc_chip_15xx\inc" -I"D:\ArmProcessorsAndEmbeddedOS\Project\freertos_project-main\FreeRTOS\inc" -I"D:\ArmProcessorsAndEmbeddedOS\Project\freertos_project-main\FreeRTOS\src\include" -I"D:\ArmProcessorsAndEmbeddedOS\Project\freertos_project-main\FreeRTOS\src\portable\GCC\ARM_CM3" -I"D:\ArmProcessorsAndEmbeddedOS\Project\freertos_project-main\esp_socket\src\coreMQTT\source\include" -I"D:\ArmProcessorsAndEmbeddedOS\Project\freertos_project-main\esp_socket\src\coreMQTT\source\interface" -I"D:\ArmProcessorsAndEmbeddedOS\Project\freertos_project-main\esp_socket\src\backoffAlgorithm\source\include" -I"D:\ArmProcessorsAndEmbeddedOS\Project\freertos_project-main\esp_socket\src" -I"D:\ArmProcessorsAndEmbeddedOS\Project\freertos_project-main\esp_socket\src\networking" -I"D:\ArmProcessorsAndEmbeddedOS\Project\freertos_project-main\esp_socket\src\uart" -I"D:\ArmProcessorsAndEmbeddedOS\Project\freertos_project-main\esp_socket\src\modbus" -O0 -fno-common -g3 -Wall -c -fmessage-length=0 -fno-builtin -ffunction-sections -fdata-sections -fmerge-constants -fmacro-prefix-map="../src/"= -mcpu=cortex-m3 -mthumb -fstack-usage -MMD -MP -MF"src/crp.d" -MT"src/crp.o" -MT"src/crp.d" -o "src/crp.o" "../src/crp.c"
arm-none-eabi-gcc -std=c11 -DDEBUG -D__CODE_RED -D__NEWLIB__ -DCORE_M3 -D__USE_LPCOPEN -DCPP_USE_HEAP -D__LPC15XX__ -I"D:\ArmProcessorsAndEmbeddedOS\Project\freertos_project-main\lpc_board_nxp_lpcxpresso_1549\inc" -I"D:\ArmProcessorsAndEmbeddedOS\Project\freertos_project-main\esp_socket\src\mqtt_demo" -I"D:\ArmProcessorsAndEmbeddedOS\Project\freertos_project-main\lpc_chip_15xx\inc" -I"D:\ArmProcessorsAndEmbeddedOS\Project\freertos_project-main\FreeRTOS\inc" -I"D:\ArmProcessorsAndEmbeddedOS\Project\freertos_project-main\FreeRTOS\src\include" -I"D:\ArmProcessorsAndEmbeddedOS\Project\freertos_project-main\FreeRTOS\src\portable\GCC\ARM_CM3" -I"D:\ArmProcessorsAndEmbeddedOS\Project\freertos_project-main\esp_socket\src\coreMQTT\source\include" -I"D:\ArmProcessorsAndEmbeddedOS\Project\freertos_project-main\esp_socket\src\coreMQTT\source\interface" -I"D:\ArmProcessorsAndEmbeddedOS\Project\freertos_project-main\esp_socket\src\backoffAlgorithm\source\include" -I"D:\ArmProcessorsAndEmbeddedOS\Project\freertos_project-main\esp_socket\src" -I"D:\ArmProcessorsAndEmbeddedOS\Project\freertos_project-main\esp_socket\src\networking" -I"D:\ArmProcessorsAndEmbeddedOS\Project\freertos_project-main\esp_socket\src\uart" -I"D:\ArmProcessorsAndEmbeddedOS\Project\freertos_project-main\esp_socket\src\modbus" -O0 -fno-common -g3 -Wall -c -fmessage-length=0 -fno-builtin -ffunction-sections -fdata-sections -fmerge-constants -fmacro-prefix-map="../src/"= -mcpu=cortex-m3 -mthumb -fstack-usage -MMD -MP -MF"src/heap_lock_monitor.d" -MT"src/heap_lock_monitor.o" -MT"src/heap_lock_monitor.d" -o "src/heap_lock_monitor.o" "../src/heap_lock_monitor.c"
../src/TextItem.cpp: In member function 'void TextItem::increment()':
../src/TextItem.cpp:90:20: warning: comparison of integer expressions of different signedness: 'int' and 'std::__cxx11::basic_string<char>::size_type' {aka 'unsigned int'} [-Wsign-compare]
   90 |   else if(edit_pos > edit.size()){
      |           ~~~~~~~~~^~~~~~~~~~~~~
Finished building: ../src/crp.c
 
Building file: ../src/main.cpp
Invoking: MCU C++ Compiler
arm-none-eabi-c++ -std=c++11 -DDEBUG -D__CODE_RED -D__NEWLIB__ -DCORE_M3 -D__USE_LPCOPEN -DCPP_USE_HEAP -D__LPC15XX__ -I"D:\ArmProcessorsAndEmbeddedOS\Project\freertos_project-main\lpc_board_nxp_lpcxpresso_1549\inc" -I"D:\ArmProcessorsAndEmbeddedOS\Project\freertos_project-main\esp_socket\src\mqtt_demo" -I"D:\ArmProcessorsAndEmbeddedOS\Project\freertos_project-main\lpc_chip_15xx\inc" -I"D:\ArmProcessorsAndEmbeddedOS\Project\freertos_project-main\FreeRTOS\inc" -I"D:\ArmProcessorsAndEmbeddedOS\Project\freertos_project-main\FreeRTOS\src\include" -I"D:\ArmProcessorsAndEmbeddedOS\Project\freertos_project-main\FreeRTOS\src\portable\GCC\ARM_CM3" -I"D:\ArmProcessorsAndEmbeddedOS\Project\freertos_project-main\esp_socket\src\coreMQTT\source\include" -I"D:\ArmProcessorsAndEmbeddedOS\Project\freertos_project-main\esp_socket\src\coreMQTT\source\interface" -I"D:\ArmProcessorsAndEmbeddedOS\Project\freertos_project-main\esp_socket\src\backoffAlgorithm\source\include" -I"D:\ArmProcessorsAndEmbeddedOS\Project\freertos_project-main\esp_socket\src" -I"D:\ArmProcessorsAndEmbeddedOS\Project\freertos_project-main\esp_socket\src\networking" -I"D:\ArmProcessorsAndEmbeddedOS\Project\freertos_project-main\esp_socket\src\uart" -I"D:\ArmProcessorsAndEmbeddedOS\Project\freertos_project-main\esp_socket\src\modbus" -O0 -fno-common -g3 -Wall -c -fmessage-length=0 -fno-builtin -ffunction-sections -fdata-sections -fno-rtti -fno-exceptions -fmerge-constants -fmacro-prefix-map="../src/"= -mcpu=cortex-m3 -mthumb -fstack-usage -MMD -MP -MF"src/main.d" -MT"src/main.o" -MT"src/main.d" -o "src/main.o" "../src/main.cpp"
Finished building: ../src/TextItem.cpp
Finished building: ../src/heap_lock_monitor.c
 
 
Building file: ../src/memory.cpp
Building file: ../src/sysinit.c
Invoking: MCU C++ Compiler
Invoking: MCU C Compiler
arm-none-eabi-c++ -std=c++11 -DDEBUG -D__CODE_RED -D__NEWLIB__ -DCORE_M3 -D__USE_LPCOPEN -DCPP_USE_HEAP -D__LPC15XX__ -I"D:\ArmProcessorsAndEmbeddedOS\Project\freertos_project-main\lpc_board_nxp_lpcxpresso_1549\inc" -I"D:\ArmProcessorsAndEmbeddedOS\Project\freertos_project-main\esp_socket\src\mqtt_demo" -I"D:\ArmProcessorsAndEmbeddedOS\Project\freertos_project-main\lpc_chip_15xx\inc" -I"D:\ArmProcessorsAndEmbeddedOS\Project\freertos_project-main\FreeRTOS\inc" -I"D:\ArmProcessorsAndEmbeddedOS\Project\freertos_project-main\FreeRTOS\src\include" -I"D:\ArmProcessorsAndEmbeddedOS\Project\freertos_project-main\FreeRTOS\src\portable\GCC\ARM_CM3" -I"D:\ArmProcessorsAndEmbeddedOS\Project\freertos_project-main\esp_socket\src\coreMQTT\source\include" -I"D:\ArmProcessorsAndEmbeddedOS\Project\freertos_project-main\esp_socket\src\coreMQTT\source\interface" -I"D:\ArmProcessorsAndEmbeddedOS\Project\freertos_project-main\esp_socket\src\backoffAlgorithm\source\include" -I"D:\ArmProcessorsAndEmbeddedOS\Project\freertos_project-main\esp_socket\src" -I"D:\ArmProcessorsAndEmbeddedOS\Project\freertos_project-main\esp_socket\src\networking" -I"D:\ArmProcessorsAndEmbeddedOS\Project\freertos_project-main\esp_socket\src\uart" -I"D:\ArmProcessorsAndEmbeddedOS\Project\freertos_project-main\esp_socket\src\modbus" -O0 -fno-common -g3 -Wall -c -fmessage-length=0 -fno-builtin -ffunction-sections -fdata-sections -fno-rtti -fno-exceptions -fmerge-constants -fmacro-prefix-map="../src/"= -mcpu=cortex-m3 -mthumb -fstack-usage -MMD -MP -MF"src/memory.d" -MT"src/memory.o" -MT"src/memory.d" -o "src/memory.o" "../src/memory.cpp"
arm-none-eabi-gcc -std=c11 -DDEBUG -D__CODE_RED -D__NEWLIB__ -DCORE_M3 -D__USE_LPCOPEN -DCPP_USE_HEAP -D__LPC15XX__ -I"D:\ArmProcessorsAndEmbeddedOS\Project\freertos_project-main\lpc_board_nxp_lpcxpresso_1549\inc" -I"D:\ArmProcessorsAndEmbeddedOS\Project\freertos_project-main\esp_socket\src\mqtt_demo" -I"D:\ArmProcessorsAndEmbeddedOS\Project\freertos_project-main\lpc_chip_15xx\inc" -I"D:\ArmProcessorsAndEmbeddedOS\Project\freertos_project-main\FreeRTOS\inc" -I"D:\ArmProcessorsAndEmbeddedOS\Project\freertos_project-main\FreeRTOS\src\include" -I"D:\ArmProcessorsAndEmbeddedOS\Project\freertos_project-main\FreeRTOS\src\portable\GCC\ARM_CM3" -I"D:\ArmProcessorsAndEmbeddedOS\Project\freertos_project-main\esp_socket\src\coreMQTT\source\include" -I"D:\ArmProcessorsAndEmbeddedOS\Project\freertos_project-main\esp_socket\src\coreMQTT\source\interface" -I"D:\ArmProcessorsAndEmbeddedOS\Project\freertos_project-main\esp_socket\src\backoffAlgorithm\source\include" -I"D:\ArmProcessorsAndEmbeddedOS\Project\freertos_project-main\esp_socket\src" -I"D:\ArmProcessorsAndEmbeddedOS\Project\freertos_project-main\esp_socket\src\networking" -I"D:\ArmProcessorsAndEmbeddedOS\Project\freertos_project-main\esp_socket\src\uart" -I"D:\ArmProcessorsAndEmbeddedOS\Project\freertos_project-main\esp_socket\src\modbus" -O0 -fno-common -g3 -Wall -c -fmessage-length=0 -fno-builtin -ffunction-sections -fdata-sections -fmerge-constants -fmacro-prefix-map="../src/"= -mcpu=cortex-m3 -mthumb -fstack-usage -MMD -MP -MF"src/sysinit.d" -MT"src/sysinit.o" -MT"src/sysinit.d" -o "src/sysinit.o" "../src/sysinit.c"
Finished building: ../src/cr_startup_lpc15xx.cpp
 
Finished building: ../src/sysinit.c
 
Finished building: ../src/memory.cpp
 
../src/main.cpp: In function 'void control_task(void*)':
../src/main.cpp:380:7: warning: unused variable 'buf' [-Wunused-variable]
  380 |  char buf[buf_size];
      |       ^~~
Finished building: ../src/main.cpp
 
Building target: esp_socket.axf
Invoking: MCU C++ Linker
arm-none-eabi-c++ -nostdlib -L"D:\ArmProcessorsAndEmbeddedOS\Project\freertos_project-main\lpc_board_nxp_lpcxpresso_1549\Debug" -L"D:\ArmProcessorsAndEmbeddedOS\Project\freertos_project-main\lpc_chip_15xx\Debug" -L"D:\ArmProcessorsAndEmbeddedOS\Project\freertos_project-main\FreeRTOS\Debug" -Xlinker -Map="esp_socket.map" -Xlinker --cref -Xlinker --gc-sections -Xlinker -print-memory-usage -mcpu=cortex-m3 -mthumb -T "esp_socket_Debug.ld" -o "esp_socket.axf"  ./src/uart/LpcUart.o ./src/uart/retarget_uart.o  ./src/networking/esp8266_socket.o ./src/networking/serial_port.o  ./src/mqtt_demo/PlaintextMQTTExample.o ./src/mqtt_demo/using_plaintext.o  ./src/modbus/ModbusMaster.o ./src/modbus/ModbusRegister.o ./src/modbus/SerialPort.o  ./src/coreMQTT/source/core_mqtt.o ./src/coreMQTT/source/core_mqtt_serializer.o ./src/coreMQTT/source/core_mqtt_state.o  ./src/backoffAlgorithm/source/backoff_algorithm.o  ./src/DigitalIoPin.o ./src/Fmutex.o ./src/FrontPage.o ./src/GMP252.o ./src/HMP60.o ./src/ITM_write.o ./src/IntegerItem.o ./src/LiquidCrystal.o ./src/MenuItem.o ./src/SimpleMenu.o ./src/TextItem.o ./src/cr_cpp_config.o ./src/cr_startup_lpc15xx.o ./src/crp.o ./src/heap_lock_monitor.o ./src/main.o ./src/memory.o ./src/sysinit.o   -llpc_board_nxp_lpcxpresso_1549 -llpc_chip_15xx -lFreeRTOS
Memory region         Used Size  Region Size  %age Used
       MFlash256:      114084 B       256 KB     43.52%
      Ram0_16_32:        4116 B        32 KB     12.56%
          Ram2_4:          0 GB         4 KB      0.00%
Finished building target: esp_socket.axf
 
Performing post-build steps
arm-none-eabi-size "esp_socket.axf"; # arm-none-eabi-objcopy -v -O binary "esp_socket.axf" "esp_socket.bin" ; # checksum -p LPC1549 -d "esp_socket.bin";
   text	   data	    bss	    dec	    hex	filename
 111556	   2528	   1588	 115672	  1c3d8	esp_socket.axf
 
15:58:59 **** Incremental Build of configuration Debug for project esp_socket ****
make -r -j4 all 
make[1]: Nothing to be done for 'main-build'.
Performing post-build steps
arm-none-eabi-size "esp_socket.axf"; # arm-none-eabi-objcopy -v -O binary "esp_socket.axf" "esp_socket.bin" ; # checksum -p LPC1549 -d "esp_socket.bin";
   text	   data	    bss	    dec	    hex	filename
 111556	   2528	   1588	 115672	  1c3d8	esp_socket.axf
 
